Archive member included to satisfy reference by file (symbol)

/home/ubuntu/DaisyExamples/libDaisy/build/libdaisy.a(ff.o)
                              build/EchoBridgeWithUSB.o (f_mount)
/home/ubuntu/DaisyExamples/libDaisy/build/libdaisy.a(daisy_seed.o)
                              build/EchoBridgeWithUSB.o (daisy::DaisySeed::Configure())
/home/ubuntu/DaisyExamples/libDaisy/build/libdaisy.a(codec_ak4556.o)
                              /home/ubuntu/DaisyExamples/libDaisy/build/libdaisy.a(daisy_seed.o) (daisy::Ak4556::Init(dsy_gpio_pin))
/home/ubuntu/DaisyExamples/libDaisy/build/libdaisy.a(codec_wm8731.o)
                              /home/ubuntu/DaisyExamples/libDaisy/build/libdaisy.a(daisy_seed.o) (daisy::Wm8731::Init(daisy::Wm8731::Config const&, daisy::I2CHandle))
/home/ubuntu/DaisyExamples/libDaisy/build/libdaisy.a(sdram.o)
                              /home/ubuntu/DaisyExamples/libDaisy/build/libdaisy.a(daisy_seed.o) (SdramHandle::Init())
/home/ubuntu/DaisyExamples/libDaisy/build/libdaisy.a(audio.o)
                              /home/ubuntu/DaisyExamples/libDaisy/build/libdaisy.a(daisy_seed.o) (daisy::AudioHandle::Init(daisy::AudioHandle::Config const&, daisy::SaiHandle))
/home/ubuntu/DaisyExamples/libDaisy/build/libdaisy.a(led.o)
                              build/EchoBridgeWithUSB.o (daisy::Led::Init(dsy_gpio_pin, bool, float))
/home/ubuntu/DaisyExamples/libDaisy/build/libdaisy.a(switch.o)
                              build/EchoBridgeWithUSB.o (daisy::Switch::Init(dsy_gpio_pin, float))
/home/ubuntu/DaisyExamples/libDaisy/build/libdaisy.a(usb_host.o)
                              build/EchoBridgeWithUSB.o (daisy::USBHostHandle::Init(daisy::USBHostHandle::Config))
/home/ubuntu/DaisyExamples/libDaisy/build/libdaisy.a(adc.o)
                              build/EchoBridgeWithUSB.o (daisy::AdcChannelConfig::InitSingle(dsy_gpio_pin, daisy::AdcChannelConfig::ConversionSpeed))
/home/ubuntu/DaisyExamples/libDaisy/build/libdaisy.a(gpio.o)
                              /home/ubuntu/DaisyExamples/libDaisy/build/libdaisy.a(daisy_seed.o) (daisy::GPIO::Init(daisy::Pin, daisy::GPIO::Mode, daisy::GPIO::Pull, daisy::GPIO::Speed))
/home/ubuntu/DaisyExamples/libDaisy/build/libdaisy.a(i2c.o)
                              /home/ubuntu/DaisyExamples/libDaisy/build/libdaisy.a(daisy_seed.o) (daisy::I2CHandle::Init(daisy::I2CHandle::Config const&))
/home/ubuntu/DaisyExamples/libDaisy/build/libdaisy.a(qspi.o)
                              /home/ubuntu/DaisyExamples/libDaisy/build/libdaisy.a(daisy_seed.o) (daisy::QSPIHandle::Init(daisy::QSPIHandle::Config const&))
/home/ubuntu/DaisyExamples/libDaisy/build/libdaisy.a(sai.o)
                              /home/ubuntu/DaisyExamples/libDaisy/build/libdaisy.a(daisy_seed.o) (daisy::SaiHandle::Init(daisy::SaiHandle::Config const&))
/home/ubuntu/DaisyExamples/libDaisy/build/libdaisy.a(fatfs.o)
                              /home/ubuntu/DaisyExamples/libDaisy/build/libdaisy.a(ff.o) (get_fattime)
/home/ubuntu/DaisyExamples/libDaisy/build/libdaisy.a(system.o)
                              /home/ubuntu/DaisyExamples/libDaisy/build/libdaisy.a(daisy_seed.o) (daisy::System::DeInit())
/home/ubuntu/DaisyExamples/libDaisy/build/libdaisy.a(system_stm32h7xx.o)
                              build/startup_stm32h750xx.o (SystemInit)
/home/ubuntu/DaisyExamples/libDaisy/build/libdaisy.a(usbd_conf.o)
                              /home/ubuntu/DaisyExamples/libDaisy/build/libdaisy.a(system.o) (hpcd_USB_OTG_HS)
/home/ubuntu/DaisyExamples/libDaisy/build/libdaisy.a(usbh_conf.o)
                              /home/ubuntu/DaisyExamples/libDaisy/build/libdaisy.a(system.o) (hhcd_USB_OTG_HS)
/home/ubuntu/DaisyExamples/libDaisy/build/libdaisy.a(hal_map.o)
                              /home/ubuntu/DaisyExamples/libDaisy/build/libdaisy.a(gpio.o) (dsy_hal_map_get_port)
/home/ubuntu/DaisyExamples/libDaisy/build/libdaisy.a(sd_diskio.o)
                              /home/ubuntu/DaisyExamples/libDaisy/build/libdaisy.a(fatfs.o) (SD_Driver)
/home/ubuntu/DaisyExamples/libDaisy/build/libdaisy.a(usbh_diskio.o)
                              /home/ubuntu/DaisyExamples/libDaisy/build/libdaisy.a(fatfs.o) (USBH_Driver)
/home/ubuntu/DaisyExamples/libDaisy/build/libdaisy.a(stm32h7xx_hal.o)
                              /home/ubuntu/DaisyExamples/libDaisy/build/libdaisy.a(system.o) (HAL_Init)
/home/ubuntu/DaisyExamples/libDaisy/build/libdaisy.a(stm32h7xx_hal_adc.o)
                              /home/ubuntu/DaisyExamples/libDaisy/build/libdaisy.a(adc.o) (HAL_ADC_ConfigChannel)
/home/ubuntu/DaisyExamples/libDaisy/build/libdaisy.a(stm32h7xx_hal_adc_ex.o)
                              /home/ubuntu/DaisyExamples/libDaisy/build/libdaisy.a(adc.o) (HAL_ADCEx_Calibration_Start)
/home/ubuntu/DaisyExamples/libDaisy/build/libdaisy.a(stm32h7xx_hal_cortex.o)
                              /home/ubuntu/DaisyExamples/libDaisy/build/libdaisy.a(stm32h7xx_hal.o) (HAL_NVIC_SetPriorityGrouping)
[...]
Memory Configuration

Name             Origin             Length             Attributes
FLASH            0x0000000008000000 0x0000000000020000 xr
DTCMRAM          0x0000000020000000 0x0000000000020000 xrw
SRAM             0x0000000024000000 0x0000000000080000 xrw
RAM_D2           0x0000000030000000 0x0000000000048000 xrw
RAM_D3           0x0000000038000000 0x0000000000010000 xrw
BACKUP_SRAM      0x0000000038800000 0x0000000000001000 xrw
ITCMRAM          0x0000000000000000 0x0000000000010000 xrw
SDRAM            0x00000000c0000000 0x0000000004000000 xrw
QSPIFLASH        0x0000000090000000 0x0000000000800000 xr
*default*        0x0000000000000000 0xffffffffffffffff

Linker script and memory map

LOAD /usr/lib/gcc/arm-none-eabi/10.3.1/thumb/v7e-m+dp/hard/crti.o
LOAD /usr/lib/gcc/arm-none-eabi/10.3.1/thumb/v7e-m+dp/hard/crtbegin.o
LOAD /usr/lib/gcc/arm-none-eabi/10.3.1/../../../arm-none-eabi/lib/thumb/v7e-m+dp/hard/crt0.o
LOAD build/unicode.o
LOAD build/startup_stm32h750xx.o
LOAD build/EchoBridgeWithUSB.o
LOAD build/hothouse.o
LOAD /home/ubuntu/DaisyExamples/libDaisy/build/libdaisy.a
LOAD /usr/lib/gcc/arm-none-eabi/10.3.1/../../../arm-none-eabi/lib/thumb/v7e-m+dp/hard/libnosys.a
LOAD /home/ubuntu/DaisyExamples/DaisySP/build/libdaisysp.a
LOAD /usr/lib/gcc/arm-none-eabi/10.3.1/../../../arm-none-eabi/lib/thumb/v7e-m+dp/hard/libstdc++_nano.a
LOAD /usr/lib/gcc/arm-none-eabi/10.3.1/../../../arm-none-eabi/lib/thumb/v7e-m+dp/hard/libm.a
LOAD /usr/lib/gcc/arm-none-eabi/10.3.1/../../../arm-none-eabi/lib/thumb/v7e-m+dp/hard/libc_nano.a
START GROUP
LOAD /usr/lib/gcc/arm-none-eabi/10.3.1/thumb/v7e-m+dp/hard/libgcc.a
LOAD /usr/lib/gcc/arm-none-eabi/10.3.1/../../../arm-none-eabi/lib/thumb/v7e-m+dp/hard/libc_nano.a
END GROUP
START GROUP
LOAD /usr/lib/gcc/arm-none-eabi/10.3.1/thumb/v7e-m+dp/hard/libgcc.a
LOAD /usr/lib/gcc/arm-none-eabi/10.3.1/../../../arm-none-eabi/lib/thumb/v7e-m+dp/hard/libc_nano.a
LOAD /usr/lib/gcc/arm-none-eabi/10.3.1/../../../arm-none-eabi/lib/thumb/v7e-m+dp/hard/libnosys.a
END GROUP
START GROUP
LOAD /usr/lib/gcc/arm-none-eabi/10.3.1/thumb/v7e-m+dp/hard/libgcc.a
LOAD /usr/lib/gcc/arm-none-eabi/10.3.1/../../../arm-none-eabi/lib/thumb/v7e-m+dp/hard/libc_nano.a
LOAD /usr/lib/gcc/arm-none-eabi/10.3.1/../../../arm-none-eabi/lib/thumb/v7e-m+dp/hard/libnosys.a
END GROUP
LOAD /usr/lib/gcc/arm-none-eabi/10.3.1/thumb/v7e-m+dp/hard/crtend.o
LOAD /usr/lib/gcc/arm-none-eabi/10.3.1/thumb/v7e-m+dp/hard/crtn.o
                0x0000000020020000                _estack = 0x20020000

.isr_vector     0x0000000008000000      0x298
                0x0000000008000000                . = ALIGN (0x4)
 *(.isr_vector)
 .isr_vector    0x0000000008000000      0x298 build/startup_stm32h750xx.o
                0x0000000008000000                g_pfnVectors
                0x0000000008000298                . = ALIGN (0x4)

.text           0x0000000008000298    0x194f0
                0x0000000008000298                . = ALIGN (0x4)
                0x0000000008000298                _stext = .
 *(.text)
 .text          0x0000000008000298       0x88 /usr/lib/gcc/arm-none-eabi/10.3.1/thumb/v7e-m+dp/hard/crtbegin.o
 .text          0x0000000008000320      0x1bc /usr/lib/gcc/arm-none-eabi/10.3.1/../../../arm-none-eabi/lib/thumb/v7e-m+dp/hard/libm.a(lib_a-cosf.o)
                0x0000000008000320                cosf
 .text          0x00000000080004dc       0x94 /usr/lib/gcc/arm-none-eabi/10.3.1/../../../arm-none-eabi/lib/thumb/v7e-m+dp/hard/libm.a(lib_a-math_errf.o)
                0x0000000008000510                __math_uflowf
                0x000000000800051c                __math_may_uflowf
                0x0000000008000528                __math_oflowf
                0x0000000008000534                __math_divzerof
                0x0000000008000554                __math_invalidf
 .text          0x0000000008000570      0x328 /usr/lib/gcc/arm-none-eabi/10.3.1/../../../arm-none-eabi/lib/thumb/v7e-m+dp/hard/libm.a(lib_a-sf_pow.o)
                0x0000000008000570                powf
 .text          0x0000000008000898      0x20c /usr/lib/gcc/arm-none-eabi/10.3.1/../../../arm-none-eabi/lib/thumb/v7e-m+dp/hard/libm.a(lib_a-sinf.o)
                0x0000000008000898                sinf
 .text          0x0000000008000aa4       0x10 /usr/lib/gcc/arm-none-eabi/10.3.1/../../../arm-none-eabi/lib/thumb/v7e-m+dp/hard/libc_nano.a(lib_a-abort.o)
                0x0000000008000aa4                abort
 .text          0x0000000008000ab4       0x1c /usr/lib/gcc/arm-none-eabi/10.3.1/../../../arm-none-eabi/lib/thumb/v7e-m+dp/hard/libc_nano.a(lib_a-cxa_atexit.o)
                0x0000000008000ab4                __cxa_atexit
 .text          0x0000000008000ad0        0xc /usr/lib/gcc/arm-none-eabi/10.3.1/../../../arm-none-eabi/lib/thumb/v7e-m+dp/hard/libc_nano.a(lib_a-errno.o)
                0x0000000008000ad0                __errno
 .text          0x0000000008000adc       0x48 /usr/lib/gcc/arm-none-eabi/10.3.1/../../../arm-none-eabi/lib/thumb/v7e-m+dp/hard/libc_nano.a(lib_a-init.o)
                0x0000000008000adc                __libc_init_array
 .text          0x0000000008000b24       0x20 /usr/lib/gcc/arm-none-eabi/10.3.1/../../../arm-none-eabi/lib/thumb/v7e-m+dp/hard/libc_nano.a(lib_a-malloc.o)
                0x0000000008000b24                malloc
                0x0000000008000b34                free
 .text          0x0000000008000b44      0x134 /usr/lib/gcc/arm-none-eabi/10.3.1/../../../arm-none-eabi/lib/thumb/v7e-m+dp/hard/libc_nano.a(lib_a-memcpy.o)
                0x0000000008000b44                memcpy
 .text          0x0000000008000c78       0xf8 /usr/lib/gcc/arm-none-eabi/10.3.1/../../../arm-none-eabi/lib/thumb/v7e-m+dp/hard/libc_nano.a(lib_a-memmove.o)
                0x0000000008000c78                memmove
 .text          0x0000000008000d70       0xa4 /usr/lib/gcc/arm-none-eabi/10.3.1/../../../arm-none-eabi/lib/thumb/v7e-m+dp/hard/libc_nano.a(lib_a-memset.o)
                0x0000000008000d70                memset
 .text          0x0000000008000e14       0xc4 /usr/lib/gcc/arm-none-eabi/10.3.1/../../../arm-none-eabi/lib/thumb/v7e-m+dp/hard/libc_nano.a(lib_a-nano-freer.o)
                0x0000000008000e14                _free_r
 .text          0x0000000008000ed8       0xb4 /usr/lib/gcc/arm-none-eabi/10.3.1/../../../arm-none-eabi/lib/thumb/v7e-m+dp/hard/libc_nano.a(lib_a-nano-mallocr.o)
                0x0000000008000ed8                _malloc_r
 .text          0x0000000008000f8c       0x24 /usr/lib/gcc/arm-none-eabi/10.3.1/../../../arm-none-eabi/lib/thumb/v7e-m+dp/hard/libc_nano.a(lib_a-sbrkr.o)
                0x0000000008000f8c                _sbrk_r
 .text          0x0000000008000fb0      0x268 /usr/lib/gcc/arm-none-eabi/10.3.1/../../../arm-none-eabi/lib/thumb/v7e-m+dp/hard/libc_nano.a(lib_a-signal.o)
                0x0000000008000fb0                _init_signal_r
                0x0000000008000fdc                _signal_r
                0x0000000008001024                _raise_r
                0x0000000008001078                __sigtramp_r
                0x00000000080010d8                raise
                0x0000000008001130                signal
                0x0000000008001180                _init_signal
                0x00000000080011b4                __sigtramp
 .text          0x0000000008001218       0x30 /usr/lib/gcc/arm-none-eabi/10.3.1/../../../arm-none-eabi/lib/thumb/v7e-m+dp/hard/libc_nano.a(lib_a-signalr.o)
                0x0000000008001218                _kill_r
                0x0000000008001244                _getpid_r
 .text          0x0000000008001248       0x80 /usr/lib/gcc/arm-none-eabi/10.3.1/../../../arm-none-eabi/lib/thumb/v7e-m+dp/hard/libc_nano.a(lib_a-strncmp.o)
                0x0000000008001248                strncmp
 .text          0x00000000080012c8       0xac /usr/lib/gcc/arm-none-eabi/10.3.1/../../../arm-none-eabi/lib/thumb/v7e-m+dp/hard/libc_nano.a(lib_a-__atexit.o)
                0x00000000080012c8                __register_exitproc
 .text          0x0000000008001374        0x8 /usr/lib/gcc/arm-none-eabi/10.3.1/../../../arm-none-eabi/lib/thumb/v7e-m+dp/hard/libc_nano.a(lib_a-mlock.o)
                0x0000000008001374                __malloc_lock
                0x0000000008001378                __malloc_unlock
 .text          0x000000000800137c      0x378 /usr/lib/gcc/arm-none-eabi/10.3.1/thumb/v7e-m+dp/hard/libgcc.a(_arm_addsubdf3.o)
                0x000000000800137c                __aeabi_drsub
                0x0000000008001384                __aeabi_dsub
                0x0000000008001384                __subdf3
                0x0000000008001388                __adddf3
                0x0000000008001388                __aeabi_dadd
                0x0000000008001600                __aeabi_ui2d
                0x0000000008001600                __floatunsidf
                0x0000000008001620                __floatsidf
                0x0000000008001620                __aeabi_i2d
                0x0000000008001644                __extendsfdf2
                0x0000000008001644                __aeabi_f2d
                0x0000000008001688                __aeabi_ul2d
                0x0000000008001688                __floatundidf
                0x0000000008001698                __floatdidf
                0x0000000008001698                __aeabi_l2d
 .text          0x00000000080016f4       0x30 /usr/lib/gcc/arm-none-eabi/10.3.1/thumb/v7e-m+dp/hard/libgcc.a(_aeabi_uldivmod.o)
                0x00000000080016f4                __aeabi_uldivmod
 .text          0x0000000008001724      0x2d0 /usr/lib/gcc/arm-none-eabi/10.3.1/thumb/v7e-m+dp/hard/libgcc.a(_udivmoddi4.o)
                0x0000000008001724                __udivmoddi4
 .text          0x00000000080019f4        0x4 /usr/lib/gcc/arm-none-eabi/10.3.1/thumb/v7e-m+dp/hard/libgcc.a(_dvmd_tls.o)
                0x00000000080019f4                __aeabi_ldiv0
                0x00000000080019f4                __aeabi_idiv0
 .text          0x00000000080019f8       0x10 /usr/lib/gcc/arm-none-eabi/10.3.1/../../../arm-none-eabi/lib/thumb/v7e-m+dp/hard/libnosys.a(getpid.o)
                0x00000000080019f8                _getpid
 .text          0x0000000008001a08       0x10 /usr/lib/gcc/arm-none-eabi/10.3.1/../../../arm-none-eabi/lib/thumb/v7e-m+dp/hard/libnosys.a(kill.o)
                0x0000000008001a08                _kill
 .text          0x0000000008001a18       0x1c /usr/lib/gcc/arm-none-eabi/10.3.1/../../../arm-none-eabi/lib/thumb/v7e-m+dp/hard/libnosys.a(sbrk.o)
                0x0000000008001a18                _sbrk
 .text          0x0000000008001a34        0x4 /usr/lib/gcc/arm-none-eabi/10.3.1/../../../arm-none-eabi/lib/thumb/v7e-m+dp/hard/libnosys.a(_exit.o)
                0x0000000008001a34                _exit
 *(.text*)
 .text.Default_Handler
                0x0000000008001a38        0x2 build/startup_stm32h750xx.o
                0x0000000008001a38                RTC_Alarm_IRQHandler
                0x0000000008001a38                HASH_RNG_IRQHandler
                0x0000000008001a38                EXTI2_IRQHandler
                0x0000000008001a38                TIM8_CC_IRQHandler
                0x0000000008001a38                HRTIM1_Master_IRQHandler
                0x0000000008001a38                DebugMon_Handler
                0x0000000008001a38                TIM1_CC_IRQHandler
                0x0000000008001a38                BDMA_Channel6_IRQHandler
                0x0000000008001a38                DMA2_Stream5_IRQHandler
                0x0000000008001a38                HRTIM1_FLT_IRQHandler
                0x0000000008001a38                JPEG_IRQHandler
                0x0000000008001a38                BDMA_Channel1_IRQHandler
                0x0000000008001a38                HRTIM1_TIMD_IRQHandler
                0x0000000008001a38                TAMP_STAMP_IRQHandler
                0x0000000008001a38                PendSV_Handler
                0x0000000008001a38                NMI_Handler
                0x0000000008001a38                EXTI3_IRQHandler
                0x0000000008001a38                LPTIM4_IRQHandler
                0x0000000008001a38                TIM8_TRG_COM_TIM14_IRQHandler
                0x0000000008001a38                LPTIM2_IRQHandler
                0x0000000008001a38                DFSDM1_FLT1_IRQHandler
                0x0000000008001a38                DMAMUX2_OVR_IRQHandler
                0x0000000008001a38                TIM8_UP_TIM13_IRQHandler
                0x0000000008001a38                I2C3_ER_IRQHandler
                0x0000000008001a38                DFSDM1_FLT2_IRQHandler
                0x0000000008001a38                MDMA_IRQHandler
                0x0000000008001a38                LPTIM3_IRQHandler
                0x0000000008001a38                HSEM1_IRQHandler
                0x0000000008001a38                EXTI0_IRQHandler
                0x0000000008001a38                FPU_IRQHandler
                0x0000000008001a38                OTG_HS_WKUP_IRQHandler
                0x0000000008001a38                FDCAN1_IT1_IRQHandler
                0x0000000008001a38                UsageFault_Handler
                0x0000000008001a38                LTDC_ER_IRQHandler
                0x0000000008001a38                HRTIM1_TIME_IRQHandler
                0x0000000008001a38                TIM6_DAC_IRQHandler
                0x0000000008001a38                DCMI_IRQHandler
                0x0000000008001a38                HRTIM1_TIMC_IRQHandler
                0x0000000008001a38                SAI2_IRQHandler
                0x0000000008001a38                DFSDM1_FLT3_IRQHandler
                0x0000000008001a38                TIM17_IRQHandler
                0x0000000008001a38                CRYP_IRQHandler
                0x0000000008001a38                BDMA_Channel7_IRQHandler
                0x0000000008001a38                LPTIM5_IRQHandler
                0x0000000008001a38                ADC3_IRQHandler
                0x0000000008001a38                DMA2_Stream0_IRQHandler
                0x0000000008001a38                BDMA_Channel2_IRQHandler
                0x0000000008001a38                DMAMUX1_OVR_IRQHandler
                0x0000000008001a38                TIM16_IRQHandler
                0x0000000008001a38                BDMA_Channel5_IRQHandler
                0x0000000008001a38                RCC_IRQHandler
                0x0000000008001a38                TIM8_BRK_TIM12_IRQHandler
                0x0000000008001a38                TIM1_TRG_COM_IRQHandler
                0x0000000008001a38                Default_Handler
                0x0000000008001a38                ECC_IRQHandler
                0x0000000008001a38                CEC_IRQHandler
                0x0000000008001a38                EXTI15_10_IRQHandler
                0x0000000008001a38                BDMA_Channel0_IRQHandler
                0x0000000008001a38                ADC_IRQHandler
                0x0000000008001a38                DMA1_Stream7_IRQHandler
                0x0000000008001a38                HRTIM1_TIMA_IRQHandler
                0x0000000008001a38                TIM7_IRQHandler
                0x0000000008001a38                DMA2_Stream7_IRQHandler
                0x0000000008001a38                TIM15_IRQHandler
                0x0000000008001a38                PVD_AVD_IRQHandler
                0x0000000008001a38                EXTI9_5_IRQHandler
                0x0000000008001a38                RTC_WKUP_IRQHandler
                0x0000000008001a38                LTDC_IRQHandler
                0x0000000008001a38                SAI3_IRQHandler
                0x0000000008001a38                ETH_WKUP_IRQHandler
                0x0000000008001a38                SPDIF_RX_IRQHandler
                0x0000000008001a38                MemManage_Handler
                0x0000000008001a38                SVC_Handler
                0x0000000008001a38                CRS_IRQHandler
                0x0000000008001a38                EXTI4_IRQHandler
                0x0000000008001a38                HRTIM1_TIMB_IRQHandler
                0x0000000008001a38                FDCAN2_IT1_IRQHandler
                0x0000000008001a38                ETH_IRQHandler
                0x0000000008001a38                TIM1_UP_IRQHandler
                0x0000000008001a38                BDMA_Channel4_IRQHandler
                0x0000000008001a38                WWDG_IRQHandler
                0x0000000008001a38                SPI6_IRQHandler
                0x0000000008001a38                I2C4_EV_IRQHandler
                0x0000000008001a38                MDIOS_IRQHandler
                0x0000000008001a38                FDCAN2_IT0_IRQHandler
                0x0000000008001a38                FDCAN1_IT0_IRQHandler
                0x0000000008001a38                OTG_FS_WKUP_IRQHandler
                0x0000000008001a38                DMA2D_IRQHandler
                0x0000000008001a38                TIM1_BRK_IRQHandler
                0x0000000008001a38                EXTI1_IRQHandler
                0x0000000008001a38                SDMMC2_IRQHandler
                0x0000000008001a38                OTG_FS_EP1_OUT_IRQHandler
                0x0000000008001a38                BDMA_Channel3_IRQHandler
                0x0000000008001a38                MDIOS_WKUP_IRQHandler
                0x0000000008001a38                DFSDM1_FLT0_IRQHandler
                0x0000000008001a38                SAI4_IRQHandler
                0x0000000008001a38                I2C2_ER_IRQHandler
                0x0000000008001a38                DMA2_Stream1_IRQHandler
                0x0000000008001a38                FLASH_IRQHandler
                0x0000000008001a38                BusFault_Handler
                0x0000000008001a38                OTG_FS_IRQHandler
                0x0000000008001a38                WAKEUP_PIN_IRQHandler
                0x0000000008001a38                OTG_FS_EP1_IN_IRQHandler
                0x0000000008001a38                I2C1_ER_IRQHandler
                0x0000000008001a38                FMC_IRQHandler
                0x0000000008001a38                FDCAN_CAL_IRQHandler
                0x0000000008001a38                SWPMI1_IRQHandler
                0x0000000008001a38                COMP1_IRQHandler
                0x0000000008001a38                LPTIM1_IRQHandler
                0x0000000008001a38                I2C4_ER_IRQHandler
                0x0000000008001a38                DMA2_Stream6_IRQHandler
                0x0000000008001a38                SAI1_IRQHandler
 *fill*         0x0000000008001a3a        0x2 
 .text.Reset_Handler
                0x0000000008001a3c       0x3c build/startup_stm32h750xx.o
                0x0000000008001a3c                Reset_Handler
 .text._ZN5daisy3LedD2Ev
                0x0000000008001a78        0x2 build/EchoBridgeWithUSB.o
                0x0000000008001a78                daisy::Led::~Led()
                0x0000000008001a78                daisy::Led::~Led()
 *fill*         0x0000000008001a7a        0x2 
 .text._Z11HandleKnob1f
                0x0000000008001a7c        0xc build/EchoBridgeWithUSB.o
                0x0000000008001a7c                HandleKnob1(float)
 .text._Z11HandleKnob2f
                0x0000000008001a88       0x44 build/EchoBridgeWithUSB.o
                0x0000000008001a88                HandleKnob2(float)
 .text._Z11HandleKnob5f
                0x0000000008001acc       0x10 build/EchoBridgeWithUSB.o
                0x0000000008001acc                HandleKnob5(float)
 .text._Z11HandleKnob6f
                0x0000000008001adc        0x2 build/EchoBridgeWithUSB.o
                0x0000000008001adc                HandleKnob6(float)
 .text._ZN16clevelandmusicco8HothouseD2Ev
                0x0000000008001ade        0x2 build/EchoBridgeWithUSB.o
                0x0000000008001ade                clevelandmusicco::Hothouse::~Hothouse()
                0x0000000008001ade                clevelandmusicco::Hothouse::~Hothouse()
 .text._ZN28PartitionedConvolutionReverbD2Ev
                0x0000000008001ae0       0x1c build/EchoBridgeWithUSB.o
                0x0000000008001ae0                PartitionedConvolutionReverb::~PartitionedConvolutionReverb()
                0x0000000008001ae0                PartitionedConvolutionReverb::~PartitionedConvolutionReverb()
 .text._Z17HandleFootswitch1b
                0x0000000008001afc       0x30 build/EchoBridgeWithUSB.o
                0x0000000008001afc                HandleFootswitch1(bool)
 .text._Z17HandleFootswitch2b
                0x0000000008001b2c       0x30 build/EchoBridgeWithUSB.o
                0x0000000008001b2c                HandleFootswitch2(bool)
 .text._ZN8IRLoader12LoadStereoIREv.isra.0
                0x0000000008001b5c      0x430 build/EchoBridgeWithUSB.o
 .text._ZN8IRLoader10LoadMonoIREv.isra.0
                0x0000000008001f8c      0x284 build/EchoBridgeWithUSB.o
 .text._ZN16clevelandmusicco8Hothouse4InitEv
                0x0000000008002210      0x134 build/EchoBridgeWithUSB.o
                0x0000000008002210                clevelandmusicco::Hothouse::Init()
 .text._ZN16clevelandmusicco8Hothouse18ProcessAllControlsEv
                0x0000000008002344      0x114 build/EchoBridgeWithUSB.o
                0x0000000008002344                clevelandmusicco::Hothouse::ProcessAllControls()
 .text._ZN8IRLoader6LoadIREv
                0x0000000008002458       0x1c build/EchoBridgeWithUSB.o
                0x0000000008002458                IRLoader::LoadIR()
 .text._Z26HandleFootswitch1LongPressv
                0x0000000008002474       0x9c build/EchoBridgeWithUSB.o
                0x0000000008002474                HandleFootswitch1LongPress()
 .text._ZN28PartitionedConvolutionReverb13UpdateFiltersEv
                0x0000000008002510       0xb0 build/EchoBridgeWithUSB.o
                0x0000000008002510                PartitionedConvolutionReverb::UpdateFilters()
 .text._Z11HandleKnob4f
                0x00000000080025c0       0x6c build/EchoBridgeWithUSB.o
                0x00000000080025c0                HandleKnob4(float)
 .text._ZN6ShyFFTIfLj64EE6DirectEPKfPf
                0x000000000800262c       0x94 build/EchoBridgeWithUSB.o
                0x000000000800262c                ShyFFT<float, 64u>::Direct(float const*, float*)
 .text._ZN6ShyFFTIfLj1024EE6DirectEPKfPf
                0x00000000080026c0       0x9c build/EchoBridgeWithUSB.o
                0x00000000080026c0                ShyFFT<float, 1024u>::Direct(float const*, float*)
 .text._ZN28PartitionedConvolutionReverb23UpdateIRFrequencyDomainEv
                0x000000000800275c      0x208 build/EchoBridgeWithUSB.o
                0x000000000800275c                PartitionedConvolutionReverb::UpdateIRFrequencyDomain()
 .text._Z26HandleFootswitch2LongPressv
                0x0000000008002964       0x98 build/EchoBridgeWithUSB.o
                0x0000000008002964                HandleFootswitch2LongPress()
 .text._Z14LoadIRCallbackPfS_j
                0x00000000080029fc       0xb8 build/EchoBridgeWithUSB.o
                0x00000000080029fc                LoadIRCallback(float*, float*, unsigned int)
 .text._Z11HandleKnob3f
                0x0000000008002ab4       0x24 build/EchoBridgeWithUSB.o
                0x0000000008002ab4                HandleKnob3(float)
 .text._ZN6ShyFFTIfLj64EE4InitEv
                0x0000000008002ad8       0x2a build/EchoBridgeWithUSB.o
                0x0000000008002ad8                ShyFFT<float, 64u>::Init()
 .text._ZN6ShyFFTIfLj1024EE4InitEv
                0x0000000008002b02       0x2c build/EchoBridgeWithUSB.o
                0x0000000008002b02                ShyFFT<float, 1024u>::Init()
 *fill*         0x0000000008002b2e        0x2 
 .text._ZN28PartitionedConvolutionReverb4InitEf
                0x0000000008002b30       0xf8 build/EchoBridgeWithUSB.o
                0x0000000008002b30                PartitionedConvolutionReverb::Init(float)
 .text.startup.main
                0x0000000008002c28      0x184 build/EchoBridgeWithUSB.o
                0x0000000008002c28                main
 .text._ZN6ShyFFTIfLj64EE7ComplexEPfS1_j
                0x0000000008002dac      0x148 build/EchoBridgeWithUSB.o
                0x0000000008002dac                ShyFFT<float, 64u>::Complex(float*, float*, unsigned int)
 .text._ZN6ShyFFTIfLj64EE7InverseEPfS1_j
                0x0000000008002ef4       0x62 build/EchoBridgeWithUSB.o
                0x0000000008002ef4                ShyFFT<float, 64u>::Inverse(float*, float*, unsigned int)
 .text._ZN6ShyFFTIfLj1024EE7ComplexEPfS1_j
                0x0000000008002f56      0x162 build/EchoBridgeWithUSB.o
                0x0000000008002f56                ShyFFT<float, 1024u>::Complex(float*, float*, unsigned int)
 .text._ZN6ShyFFTIfLj1024EE7InverseEPfS1_j
                0x00000000080030b8       0x62 build/EchoBridgeWithUSB.o
                0x00000000080030b8                ShyFFT<float, 1024u>::Inverse(float*, float*, unsigned int)
 *fill*         0x000000000800311a        0x2 
 .text._ZN28PartitionedConvolutionReverb7ProcessEffPfS0_
                0x000000000800311c      0x4b8 build/EchoBridgeWithUSB.o
                0x000000000800311c                PartitionedConvolutionReverb::Process(float, float, float*, float*)
 .text._Z13AudioCallbackPKPKfPPfj
                0x00000000080035d4       0xa4 build/EchoBridgeWithUSB.o
                0x00000000080035d4                AudioCallback(float const* const*, float**, unsigned int)
 .text.startup._GLOBAL__sub_I__ZN8IRLoader14LoadIRCallbackE
                0x0000000008003678      0x17c build/EchoBridgeWithUSB.o
 .text.check_fs
                0x00000000080037f4       0x84 /home/ubuntu/DaisyExamples/libDaisy/build/libdaisy.a(ff.o)
 .text.move_window.part.0
                0x0000000008003878       0x74 /home/ubuntu/DaisyExamples/libDaisy/build/libdaisy.a(ff.o)
 .text.put_fat.part.0
                0x00000000080038ec      0x134 /home/ubuntu/DaisyExamples/libDaisy/build/libdaisy.a(ff.o)
 .text.get_fat.isra.0
                0x0000000008003a20       0xc0 /home/ubuntu/DaisyExamples/libDaisy/build/libdaisy.a(ff.o)
 .text.dir_next.constprop.0
                0x0000000008003ae0       0x88 /home/ubuntu/DaisyExamples/libDaisy/build/libdaisy.a(ff.o)
 .text.find_volume
                0x0000000008003b68      0x2e8 /home/ubuntu/DaisyExamples/libDaisy/build/libdaisy.a(ff.o)
 .text.sync_fs  0x0000000008003e50       0xe0 /home/ubuntu/DaisyExamples/libDaisy/build/libdaisy.a(ff.o)
 .text.create_chain.isra.0
                0x0000000008003f30      0x180 /home/ubuntu/DaisyExamples/libDaisy/build/libdaisy.a(ff.o)
 .text.dir_sdi.constprop.0
                0x00000000080040b0      0x120 /home/ubuntu/DaisyExamples/libDaisy/build/libdaisy.a(ff.o)
 .text.dir_find
                0x00000000080041d0      0x34c /home/ubuntu/DaisyExamples/libDaisy/build/libdaisy.a(ff.o)
 .text.follow_path
                0x000000000800451c      0x39c /home/ubuntu/DaisyExamples/libDaisy/build/libdaisy.a(ff.o)
 .text.dir_sdi  0x00000000080048b8      0x174 /home/ubuntu/DaisyExamples/libDaisy/build/libdaisy.a(ff.o)
 .text.remove_chain.isra.0
                0x0000000008004a2c      0x120 /home/ubuntu/DaisyExamples/libDaisy/build/libdaisy.a(ff.o)
 .text.dir_register
                0x0000000008004b4c      0xaf8 /home/ubuntu/DaisyExamples/libDaisy/build/libdaisy.a(ff.o)
 .text.f_mount  0x0000000008005644       0x90 /home/ubuntu/DaisyExamples/libDaisy/build/libdaisy.a(ff.o)
                0x0000000008005644                f_mount
 .text.f_open   0x00000000080056d4      0x23c /home/ubuntu/DaisyExamples/libDaisy/build/libdaisy.a(ff.o)
                0x00000000080056d4                f_open
 .text.f_read   0x0000000008005910      0x270 /home/ubuntu/DaisyExamples/libDaisy/build/libdaisy.a(ff.o)
                0x0000000008005910                f_read
 .text.f_close  0x0000000008005b80       0xec /home/ubuntu/DaisyExamples/libDaisy/build/libdaisy.a(ff.o)
                0x0000000008005b80                f_close
 .text._ZN5daisy9DaisySeed9ConfigureEv
                0x0000000008005c6c        0x4 /home/ubuntu/DaisyExamples/libDaisy/build/libdaisy.a(daisy_seed.o)
                0x0000000008005c6c                daisy::DaisySeed::Configure()
 .text._ZN5daisy9DaisySeed6GetPinEh
                0x0000000008005c70       0x2c /home/ubuntu/DaisyExamples/libDaisy/build/libdaisy.a(daisy_seed.o)
                0x0000000008005c70                daisy::DaisySeed::GetPin(unsigned char)
 .text._ZN5daisy9DaisySeed10StartAudioEPFvPKPKfPPfjE
                0x0000000008005c9c        0x8 /home/ubuntu/DaisyExamples/libDaisy/build/libdaisy.a(daisy_seed.o)
                0x0000000008005c9c                daisy::DaisySeed::StartAudio(void (*)(float const* const*, float**, unsigned int))
 .text._ZN5daisy9DaisySeed18SetAudioSampleRateENS_9SaiHandle6Config10SampleRateE
                0x0000000008005ca4       0x38 /home/ubuntu/DaisyExamples/libDaisy/build/libdaisy.a(daisy_seed.o)
                0x0000000008005ca4                daisy::DaisySeed::SetAudioSampleRate(daisy::SaiHandle::Config::SampleRate)
 .text._ZN5daisy9DaisySeed15AudioSampleRateEv
                0x0000000008005cdc        0x8 /home/ubuntu/DaisyExamples/libDaisy/build/libdaisy.a(daisy_seed.o)
                0x0000000008005cdc                daisy::DaisySeed::AudioSampleRate()
 .text._ZN5daisy9DaisySeed17SetAudioBlockSizeEj
                0x0000000008005ce4       0x38 /home/ubuntu/DaisyExamples/libDaisy/build/libdaisy.a(daisy_seed.o)
                0x0000000008005ce4                daisy::DaisySeed::SetAudioBlockSize(unsigned int)
 .text._ZN5daisy9DaisySeed17CheckBoardVersionEv
                0x0000000008005d1c       0x6c /home/ubuntu/DaisyExamples/libDaisy/build/libdaisy.a(daisy_seed.o)
                0x0000000008005d1c                daisy::DaisySeed::CheckBoardVersion()
 .text._ZN5daisy9DaisySeed14ConfigureAudioEv
                0x0000000008005d88      0x10c /home/ubuntu/DaisyExamples/libDaisy/build/libdaisy.a(daisy_seed.o)
                0x0000000008005d88                daisy::DaisySeed::ConfigureAudio()
 .text._ZN5daisy9DaisySeed4InitEb
                0x0000000008005e94      0x108 /home/ubuntu/DaisyExamples/libDaisy/build/libdaisy.a(daisy_seed.o)
                0x0000000008005e94                daisy::DaisySeed::Init(bool)
 .text._ZN5daisy6Ak45564InitE12dsy_gpio_pin
                0x0000000008005f9c       0x44 /home/ubuntu/DaisyExamples/libDaisy/build/libdaisy.a(codec_ak4556.o)
                0x0000000008005f9c                daisy::Ak4556::Init(dsy_gpio_pin)
 .text._ZN5daisy6Wm873120WriteControlRegisterEht
                0x0000000008005fe0       0x3c /home/ubuntu/DaisyExamples/libDaisy/build/libdaisy.a(codec_wm8731.o)
                0x0000000008005fe0                daisy::Wm8731::WriteControlRegister(unsigned char, unsigned short)
 .text._ZN5daisy6Wm87314InitERKNS0_6ConfigENS_9I2CHandleE
                0x000000000800601c      0x1bc /home/ubuntu/DaisyExamples/libDaisy/build/libdaisy.a(codec_wm8731.o)
                0x000000000800601c                daisy::Wm8731::Init(daisy::Wm8731::Config const&, daisy::I2CHandle)
 .text._ZN11SdramHandle10DeviceInitEv
                0x00000000080061d8       0x98 /home/ubuntu/DaisyExamples/libDaisy/build/libdaisy.a(sdram.o)
                0x00000000080061d8                SdramHandle::DeviceInit()
 .text._ZN11SdramHandle4InitEv
                0x0000000008006270       0x7c /home/ubuntu/DaisyExamples/libDaisy/build/libdaisy.a(sdram.o)
                0x0000000008006270                SdramHandle::Init()
 .text.HAL_SDRAM_MspInit
                0x00000000080062ec      0x1a8 /home/ubuntu/DaisyExamples/libDaisy/build/libdaisy.a(sdram.o)
                0x00000000080062ec                HAL_SDRAM_MspInit
 .text._ZN5daisy11AudioHandle4Impl16InternalCallbackEPlS2_j
                0x0000000008006494      0xbbc /home/ubuntu/DaisyExamples/libDaisy/build/libdaisy.a(audio.o)
                0x0000000008006494                daisy::AudioHandle::Impl::InternalCallback(long*, long*, unsigned int)
 .text._ZN5daisy11AudioHandle4InitERKNS0_6ConfigENS_9SaiHandleE
                0x0000000008007050       0x70 /home/ubuntu/DaisyExamples/libDaisy/build/libdaisy.a(audio.o)
                0x0000000008007050                daisy::AudioHandle::Init(daisy::AudioHandle::Config const&, daisy::SaiHandle)
 .text._ZNK5daisy11AudioHandle9GetConfigEv
                0x00000000080070c0        0x8 /home/ubuntu/DaisyExamples/libDaisy/build/libdaisy.a(audio.o)
                0x00000000080070c0                daisy::AudioHandle::GetConfig() const
 .text._ZN5daisy11AudioHandle12SetBlockSizeEj
                0x00000000080070c8       0x1c /home/ubuntu/DaisyExamples/libDaisy/build/libdaisy.a(audio.o)
                0x00000000080070c8                daisy::AudioHandle::SetBlockSize(unsigned int)
 .text._ZN5daisy11AudioHandle13GetSampleRateEv
                0x00000000080070e4        0x8 /home/ubuntu/DaisyExamples/libDaisy/build/libdaisy.a(audio.o)
                0x00000000080070e4                daisy::AudioHandle::GetSampleRate()
 .text._ZN5daisy11AudioHandle13SetSampleRateENS_9SaiHandle6Config10SampleRateE
                0x00000000080070ec       0x88 /home/ubuntu/DaisyExamples/libDaisy/build/libdaisy.a(audio.o)
                0x00000000080070ec                daisy::AudioHandle::SetSampleRate(daisy::SaiHandle::Config::SampleRate)
 .text._ZN5daisy11AudioHandle5StartEPFvPKPKfPPfjE
                0x0000000008007174       0x44 /home/ubuntu/DaisyExamples/libDaisy/build/libdaisy.a(audio.o)
                0x0000000008007174                daisy::AudioHandle::Start(void (*)(float const* const*, float**, unsigned int))
 .text.startup._GLOBAL__sub_I__ZN5daisy11AudioHandle4Impl4InitENS0_6ConfigENS_9SaiHandleE
                0x00000000080071b8       0x24 /home/ubuntu/DaisyExamples/libDaisy/build/libdaisy.a(audio.o)
 .text._ZN5daisy3Led4InitE12dsy_gpio_pinbf
                0x00000000080071dc       0x48 /home/ubuntu/DaisyExamples/libDaisy/build/libdaisy.a(led.o)
                0x00000000080071dc                daisy::Led::Init(dsy_gpio_pin, bool, float)
 .text._ZN5daisy3Led3SetEf
                0x0000000008007224       0x24 /home/ubuntu/DaisyExamples/libDaisy/build/libdaisy.a(led.o)
                0x0000000008007224                daisy::Led::Set(float)
 .text._ZN5daisy3Led6UpdateEv
                0x0000000008007248       0x48 /home/ubuntu/DaisyExamples/libDaisy/build/libdaisy.a(led.o)
                0x0000000008007248                daisy::Led::Update()
 .text._ZN5daisy6Switch4InitE12dsy_gpio_pinf
                0x0000000008007290       0x34 /home/ubuntu/DaisyExamples/libDaisy/build/libdaisy.a(switch.o)
                0x0000000008007290                daisy::Switch::Init(dsy_gpio_pin, float)
 .text._ZN5daisy6Switch8DebounceEv
                0x00000000080072c4       0x5c /home/ubuntu/DaisyExamples/libDaisy/build/libdaisy.a(switch.o)
                0x00000000080072c4                daisy::Switch::Debounce()
 .text._ZN5daisy13USBHostHandle4ImplD2Ev
                0x0000000008007320        0x4 /home/ubuntu/DaisyExamples/libDaisy/build/libdaisy.a(usb_host.o)
                0x0000000008007320                daisy::USBHostHandle::Impl::~Impl()
                0x0000000008007320                daisy::USBHostHandle::Impl::~Impl()
 .text._ZL16USBH_UserProcessP19_USBH_HandleTypeDefh
                0x0000000008007324       0x58 /home/ubuntu/DaisyExamples/libDaisy/build/libdaisy.a(usb_host.o)
 .text._ZN5daisy13USBHostHandle4InitENS0_6ConfigE
                0x000000000800737c       0x74 /home/ubuntu/DaisyExamples/libDaisy/build/libdaisy.a(usb_host.o)
                0x000000000800737c                daisy::USBHostHandle::Init(daisy::USBHostHandle::Config)
 .text._ZN5daisy13USBHostHandle7ProcessEv
                0x00000000080073f0       0x18 /home/ubuntu/DaisyExamples/libDaisy/build/libdaisy.a(usb_host.o)
                0x00000000080073f0                daisy::USBHostHandle::Process()
 .text.startup._GLOBAL__sub_I_hUsbHostHS
                0x0000000008007408       0x24 /home/ubuntu/DaisyExamples/libDaisy/build/libdaisy.a(usb_host.o)
 .text._ZN5daisy16AdcChannelConfig10InitSingleE12dsy_gpio_pinNS0_15ConversionSpeedE
                0x000000000800742c       0x28 /home/ubuntu/DaisyExamples/libDaisy/build/libdaisy.a(adc.o)
                0x000000000800742c                daisy::AdcChannelConfig::InitSingle(dsy_gpio_pin, daisy::AdcChannelConfig::ConversionSpeed)
 .text._ZN5daisy9AdcHandle4InitEPNS_16AdcChannelConfigEjNS0_12OverSamplingE
                0x0000000008007454      0x41c /home/ubuntu/DaisyExamples/libDaisy/build/libdaisy.a(adc.o)
                0x0000000008007454                daisy::AdcHandle::Init(daisy::AdcChannelConfig*, unsigned int, daisy::AdcHandle::OverSampling)
 .text._ZN5daisy9AdcHandle5StartEv
                0x0000000008007870       0x2c /home/ubuntu/DaisyExamples/libDaisy/build/libdaisy.a(adc.o)
                0x0000000008007870                daisy::AdcHandle::Start()
 .text._ZNK5daisy9AdcHandle8GetFloatEh
                0x000000000800789c       0x20 /home/ubuntu/DaisyExamples/libDaisy/build/libdaisy.a(adc.o)
                0x000000000800789c                daisy::AdcHandle::GetFloat(unsigned char) const
 .text.HAL_ADC_MspInit
                0x00000000080078bc       0x98 /home/ubuntu/DaisyExamples/libDaisy/build/libdaisy.a(adc.o)
                0x00000000080078bc                HAL_ADC_MspInit
 .text.DMA1_Stream2_IRQHandler
                0x0000000008007954        0xc /home/ubuntu/DaisyExamples/libDaisy/build/libdaisy.a(adc.o)
                0x0000000008007954                DMA1_Stream2_IRQHandler
 .text.HAL_ADC_ConvCpltCallback
                0x0000000008007960      0x148 /home/ubuntu/DaisyExamples/libDaisy/build/libdaisy.a(adc.o)
                0x0000000008007960                HAL_ADC_ConvCpltCallback
 .text.HAL_ADC_ErrorCallback
                0x0000000008007aa8        0x4 /home/ubuntu/DaisyExamples/libDaisy/build/libdaisy.a(adc.o)
                0x0000000008007aa8                HAL_ADC_ErrorCallback
 .text._ZN5daisy4GPIO4InitENS_3PinENS0_4ModeENS0_4PullENS0_5SpeedE
                0x0000000008007aac      0x1cc /home/ubuntu/DaisyExamples/libDaisy/build/libdaisy.a(gpio.o)
                0x0000000008007aac                daisy::GPIO::Init(daisy::Pin, daisy::GPIO::Mode, daisy::GPIO::Pull, daisy::GPIO::Speed)
 .text._ZN5daisy4GPIO4ReadEv
                0x0000000008007c78       0x18 /home/ubuntu/DaisyExamples/libDaisy/build/libdaisy.a(gpio.o)
                0x0000000008007c78                daisy::GPIO::Read()
 .text._ZN5daisy4GPIO5WriteEb
                0x0000000008007c90       0x14 /home/ubuntu/DaisyExamples/libDaisy/build/libdaisy.a(gpio.o)
                0x0000000008007c90                daisy::GPIO::Write(bool)
 .text.dsy_gpio_init
                0x0000000008007ca4      0x1b8 /home/ubuntu/DaisyExamples/libDaisy/build/libdaisy.a(gpio.o)
                0x0000000008007ca4                dsy_gpio_init
 .text.dsy_gpio_read
                0x0000000008007e5c       0x1c /home/ubuntu/DaisyExamples/libDaisy/build/libdaisy.a(gpio.o)
                0x0000000008007e5c                dsy_gpio_read
 .text.dsy_gpio_write
                0x0000000008007e78       0x24 /home/ubuntu/DaisyExamples/libDaisy/build/libdaisy.a(gpio.o)
                0x0000000008007e78                dsy_gpio_write
 .text._ZN5daisy9I2CHandle4Impl8InitPinsEv
                0x0000000008007e9c       0x58 /home/ubuntu/DaisyExamples/libDaisy/build/libdaisy.a(i2c.o)
                0x0000000008007e9c                daisy::I2CHandle::Impl::InitPins()
 .text.HAL_I2C_MspInit
                0x0000000008007ef4      0x1b4 /home/ubuntu/DaisyExamples/libDaisy/build/libdaisy.a(i2c.o)
                0x0000000008007ef4                HAL_I2C_MspInit
 .text.dsy_i2c_global_init
                0x00000000080080a8       0x78 /home/ubuntu/DaisyExamples/libDaisy/build/libdaisy.a(i2c.o)
                0x00000000080080a8                dsy_i2c_global_init
 .text.DMA1_Stream6_IRQHandler
                0x0000000008008120       0x34 /home/ubuntu/DaisyExamples/libDaisy/build/libdaisy.a(i2c.o)
                0x0000000008008120                DMA1_Stream6_IRQHandler
 .text.I2C1_EV_IRQHandler
                0x0000000008008154        0xc /home/ubuntu/DaisyExamples/libDaisy/build/libdaisy.a(i2c.o)
                0x0000000008008154                I2C1_EV_IRQHandler
 .text.I2C2_EV_IRQHandler
                0x0000000008008160        0xc /home/ubuntu/DaisyExamples/libDaisy/build/libdaisy.a(i2c.o)
                0x0000000008008160                I2C2_EV_IRQHandler
 .text.I2C3_EV_IRQHandler
                0x000000000800816c        0xc /home/ubuntu/DaisyExamples/libDaisy/build/libdaisy.a(i2c.o)
                0x000000000800816c                I2C3_EV_IRQHandler
 .text._ZN5daisy9I2CHandle4InitERKNS0_6ConfigE
                0x0000000008008178      0x12c /home/ubuntu/DaisyExamples/libDaisy/build/libdaisy.a(i2c.o)
                0x0000000008008178                daisy::I2CHandle::Init(daisy::I2CHandle::Config const&)
 .text._ZN5daisy9I2CHandle16TransmitBlockingEtPhtm
                0x00000000080082a4       0x50 /home/ubuntu/DaisyExamples/libDaisy/build/libdaisy.a(i2c.o)
                0x00000000080082a4                daisy::I2CHandle::TransmitBlocking(unsigned short, unsigned char*, unsigned short, unsigned long)
 .text.startup._GLOBAL__sub_I__ZN5daisy9I2CHandle4Impl10GlobalInitEv
                0x00000000080082f4       0x18 /home/ubuntu/DaisyExamples/libDaisy/build/libdaisy.a(i2c.o)
 .text._ZN5daisy10QSPIHandle4Impl11WriteEnableEv
                0x000000000800830c       0x8c /home/ubuntu/DaisyExamples/libDaisy/build/libdaisy.a(qspi.o)
                0x000000000800830c                daisy::QSPIHandle::Impl::WriteEnable()
 .text._ZN5daisy10QSPIHandle4Impl17DummyCyclesConfigENS0_6Config6DeviceE
                0x0000000008008398      0x118 /home/ubuntu/DaisyExamples/libDaisy/build/libdaisy.a(qspi.o)
                0x0000000008008398                daisy::QSPIHandle::Impl::DummyCyclesConfig(daisy::QSPIHandle::Config::Device)
 .text._ZN5daisy10QSPIHandle4Impl10QuadEnableEv
                0x00000000080084b0      0x158 /home/ubuntu/DaisyExamples/libDaisy/build/libdaisy.a(qspi.o)
                0x00000000080084b0                daisy::QSPIHandle::Impl::QuadEnable()
 .text._ZN5daisy10QSPIHandle4InitERKNS0_6ConfigE
                0x0000000008008608      0x198 /home/ubuntu/DaisyExamples/libDaisy/build/libdaisy.a(qspi.o)
                0x0000000008008608                daisy::QSPIHandle::Init(daisy::QSPIHandle::Config const&)
 .text.HAL_QSPI_MspInit
                0x00000000080087a0      0x11c /home/ubuntu/DaisyExamples/libDaisy/build/libdaisy.a(qspi.o)
                0x00000000080087a0                HAL_QSPI_MspInit
 .text.HAL_QSPI_MspDeInit
                0x00000000080088bc       0x54 /home/ubuntu/DaisyExamples/libDaisy/build/libdaisy.a(qspi.o)
                0x00000000080088bc                HAL_QSPI_MspDeInit
 .text.QUADSPI_IRQHandler
                0x0000000008008910        0xc /home/ubuntu/DaisyExamples/libDaisy/build/libdaisy.a(qspi.o)
                0x0000000008008910                QUADSPI_IRQHandler
 .text.startup._GLOBAL__sub_I__ZN5daisy10QSPIHandle4Impl4InitERKNS0_6ConfigE
                0x000000000800891c       0x28 /home/ubuntu/DaisyExamples/libDaisy/build/libdaisy.a(qspi.o)
 .text._ZN5daisy9SaiHandle4Impl7InitDmaENS1_15PeripheralBlockE
                0x0000000008008944       0xa0 /home/ubuntu/DaisyExamples/libDaisy/build/libdaisy.a(sai.o)
                0x0000000008008944                daisy::SaiHandle::Impl::InitDma(daisy::SaiHandle::Impl::PeripheralBlock)
 .text._ZN5daisy9SaiHandle4Impl8InitPinsEv
                0x00000000080089e4       0xa8 /home/ubuntu/DaisyExamples/libDaisy/build/libdaisy.a(sai.o)
                0x00000000080089e4                daisy::SaiHandle::Impl::InitPins()
 .text.HAL_SAI_MspInit
                0x0000000008008a8c      0x164 /home/ubuntu/DaisyExamples/libDaisy/build/libdaisy.a(sai.o)
                0x0000000008008a8c                HAL_SAI_MspInit
 .text.DMA1_Stream0_IRQHandler
                0x0000000008008bf0        0xc /home/ubuntu/DaisyExamples/libDaisy/build/libdaisy.a(sai.o)
                0x0000000008008bf0                DMA1_Stream0_IRQHandler
 .text.DMA1_Stream1_IRQHandler
                0x0000000008008bfc        0xc /home/ubuntu/DaisyExamples/libDaisy/build/libdaisy.a(sai.o)
                0x0000000008008bfc                DMA1_Stream1_IRQHandler
 .text.DMA1_Stream3_IRQHandler
                0x0000000008008c08        0xc /home/ubuntu/DaisyExamples/libDaisy/build/libdaisy.a(sai.o)
                0x0000000008008c08                DMA1_Stream3_IRQHandler
 .text.DMA1_Stream4_IRQHandler
                0x0000000008008c14        0xc /home/ubuntu/DaisyExamples/libDaisy/build/libdaisy.a(sai.o)
                0x0000000008008c14                DMA1_Stream4_IRQHandler
 .text.HAL_SAI_RxHalfCpltCallback
                0x0000000008008c20       0x78 /home/ubuntu/DaisyExamples/libDaisy/build/libdaisy.a(sai.o)
                0x0000000008008c20                HAL_SAI_RxHalfCpltCallback
 .text.HAL_SAI_RxCpltCallback
                0x0000000008008c98       0x70 /home/ubuntu/DaisyExamples/libDaisy/build/libdaisy.a(sai.o)
                0x0000000008008c98                HAL_SAI_RxCpltCallback
 .text._ZN5daisy9SaiHandle4InitERKNS0_6ConfigE
                0x0000000008008d08      0x1f0 /home/ubuntu/DaisyExamples/libDaisy/build/libdaisy.a(sai.o)
                0x0000000008008d08                daisy::SaiHandle::Init(daisy::SaiHandle::Config const&)
 .text._ZNK5daisy9SaiHandle9GetConfigEv
                0x0000000008008ef8        0x4 /home/ubuntu/DaisyExamples/libDaisy/build/libdaisy.a(sai.o)
                0x0000000008008ef8                daisy::SaiHandle::GetConfig() const
 .text._ZN5daisy9SaiHandle8StartDmaEPlS1_jPFvS1_S1_jE
                0x0000000008008efc       0xbc /home/ubuntu/DaisyExamples/libDaisy/build/libdaisy.a(sai.o)
                0x0000000008008efc                daisy::SaiHandle::StartDma(long*, long*, unsigned int, void (*)(long*, long*, unsigned int))
 .text._ZN5daisy9SaiHandle13GetSampleRateEv
                0x0000000008008fb8       0x24 /home/ubuntu/DaisyExamples/libDaisy/build/libdaisy.a(sai.o)
                0x0000000008008fb8                daisy::SaiHandle::GetSampleRate()
 .text._ZNK5daisy9SaiHandle9GetOffsetEv
                0x0000000008008fdc        0x8 /home/ubuntu/DaisyExamples/libDaisy/build/libdaisy.a(sai.o)
                0x0000000008008fdc                daisy::SaiHandle::GetOffset() const
 .text.get_fattime
                0x0000000008008fe4        0x4 /home/ubuntu/DaisyExamples/libDaisy/build/libdaisy.a(fatfs.o)
                0x0000000008008fe4                get_fattime
 .text._ZN5daisy11TimerHandleD2Ev
                0x0000000008008fe8        0x4 /home/ubuntu/DaisyExamples/libDaisy/build/libdaisy.a(system.o)
                0x0000000008008fe8                daisy::TimerHandle::~TimerHandle()
                0x0000000008008fe8                daisy::TimerHandle::~TimerHandle()
 .text.SysTick_Handler
                0x0000000008008fec       0x10 /home/ubuntu/DaisyExamples/libDaisy/build/libdaisy.a(system.o)
                0x0000000008008fec                SysTick_Handler
 .text.OTG_HS_EP1_OUT_IRQHandler
                0x0000000008008ffc       0x24 /home/ubuntu/DaisyExamples/libDaisy/build/libdaisy.a(system.o)
                0x0000000008008ffc                OTG_HS_EP1_OUT_IRQHandler
 .text.OTG_HS_EP1_IN_IRQHandler
                0x0000000008009020       0x24 /home/ubuntu/DaisyExamples/libDaisy/build/libdaisy.a(system.o)
                0x0000000008009020                OTG_HS_EP1_IN_IRQHandler
 .text.OTG_HS_IRQHandler
                0x0000000008009044       0x24 /home/ubuntu/DaisyExamples/libDaisy/build/libdaisy.a(system.o)
                0x0000000008009044                OTG_HS_IRQHandler
 .text.HardFault_Handler
                0x0000000008009068       0xe0 /home/ubuntu/DaisyExamples/libDaisy/build/libdaisy.a(system.o)
                0x0000000008009068                HardFault_Handler
 .text._ZN5daisy6System6GetNowEv
                0x0000000008009148        0x4 /home/ubuntu/DaisyExamples/libDaisy/build/libdaisy.a(system.o)
                0x0000000008009148                daisy::System::GetNow()
 .text._ZN5daisy6System5DelayEm
                0x000000000800914c        0x4 /home/ubuntu/DaisyExamples/libDaisy/build/libdaisy.a(system.o)
                0x000000000800914c                daisy::System::Delay(unsigned long)
 .text._ZN5daisy6System20GetBootloaderVersionEv
                0x0000000008009150       0x34 /home/ubuntu/DaisyExamples/libDaisy/build/libdaisy.a(system.o)
                0x0000000008009150                daisy::System::GetBootloaderVersion()
 .text._ZN5daisy6System15ConfigureClocksEv
                0x0000000008009184      0x194 /home/ubuntu/DaisyExamples/libDaisy/build/libdaisy.a(system.o)
                0x0000000008009184                daisy::System::ConfigureClocks()
 .text._ZN5daisy6System12ConfigureMpuEv
                0x0000000008009318       0x7c /home/ubuntu/DaisyExamples/libDaisy/build/libdaisy.a(system.o)
                0x0000000008009318                daisy::System::ConfigureMpu()
 .text._ZN5daisy6System4InitERKNS0_6ConfigE
                0x0000000008009394       0xec /home/ubuntu/DaisyExamples/libDaisy/build/libdaisy.a(system.o)
                0x0000000008009394                daisy::System::Init(daisy::System::Config const&)
 .text._ZN5daisy6System12GetPClk1FreqEv
                0x0000000008009480        0x4 /home/ubuntu/DaisyExamples/libDaisy/build/libdaisy.a(system.o)
                0x0000000008009480                daisy::System::GetPClk1Freq()
 .text._ZN5daisy6System22GetProgramMemoryRegionEv
                0x0000000008009484       0x78 /home/ubuntu/DaisyExamples/libDaisy/build/libdaisy.a(system.o)
                0x0000000008009484                daisy::System::GetProgramMemoryRegion()
 .text.startup._GLOBAL__sub_I__ZN5daisy9boot_infoE
                0x00000000080094fc       0x1c /home/ubuntu/DaisyExamples/libDaisy/build/libdaisy.a(system.o)
 .text.SystemInit
                0x0000000008009518       0x9c /home/ubuntu/DaisyExamples/libDaisy/build/libdaisy.a(system_stm32h7xx.o)
                0x0000000008009518                SystemInit
 .text.Error_Handler
                0x00000000080095b4        0x4 /home/ubuntu/DaisyExamples/libDaisy/build/libdaisy.a(usbd_conf.o)
                0x00000000080095b4                Error_Handler
 .text.HAL_PCD_SetupStageCallback
                0x00000000080095b8        0xc /home/ubuntu/DaisyExamples/libDaisy/build/libdaisy.a(usbd_conf.o)
                0x00000000080095b8                HAL_PCD_SetupStageCallback
 .text.HAL_PCD_DataOutStageCallback
                0x00000000080095c4       0x14 /home/ubuntu/DaisyExamples/libDaisy/build/libdaisy.a(usbd_conf.o)
                0x00000000080095c4                HAL_PCD_DataOutStageCallback
 .text.HAL_PCD_DataInStageCallback
                0x00000000080095d8       0x14 /home/ubuntu/DaisyExamples/libDaisy/build/libdaisy.a(usbd_conf.o)
                0x00000000080095d8                HAL_PCD_DataInStageCallback
 .text.HAL_PCD_SOFCallback
                0x00000000080095ec        0x8 /home/ubuntu/DaisyExamples/libDaisy/build/libdaisy.a(usbd_conf.o)
                0x00000000080095ec                HAL_PCD_SOFCallback
 .text.HAL_PCD_ResetCallback
                0x00000000080095f4       0x24 /home/ubuntu/DaisyExamples/libDaisy/build/libdaisy.a(usbd_conf.o)
                0x00000000080095f4                HAL_PCD_ResetCallback
 .text.HAL_PCD_SuspendCallback
                0x0000000008009618       0x30 /home/ubuntu/DaisyExamples/libDaisy/build/libdaisy.a(usbd_conf.o)
                0x0000000008009618                HAL_PCD_SuspendCallback
 .text.HAL_PCD_ResumeCallback
                0x0000000008009648        0x8 /home/ubuntu/DaisyExamples/libDaisy/build/libdaisy.a(usbd_conf.o)
                0x0000000008009648                HAL_PCD_ResumeCallback
 .text.HAL_PCD_ISOOUTIncompleteCallback
                0x0000000008009650        0x8 /home/ubuntu/DaisyExamples/libDaisy/build/libdaisy.a(usbd_conf.o)
                0x0000000008009650                HAL_PCD_ISOOUTIncompleteCallback
 .text.HAL_PCD_ISOINIncompleteCallback
                0x0000000008009658        0x8 /home/ubuntu/DaisyExamples/libDaisy/build/libdaisy.a(usbd_conf.o)
                0x0000000008009658                HAL_PCD_ISOINIncompleteCallback
 .text.HAL_PCD_ConnectCallback
                0x0000000008009660        0x8 /home/ubuntu/DaisyExamples/libDaisy/build/libdaisy.a(usbd_conf.o)
                0x0000000008009660                HAL_PCD_ConnectCallback
 .text.HAL_PCD_DisconnectCallback
                0x0000000008009668        0x8 /home/ubuntu/DaisyExamples/libDaisy/build/libdaisy.a(usbd_conf.o)
                0x0000000008009668                HAL_PCD_DisconnectCallback
 .text.USBD_LL_OpenEP
                0x0000000008009670       0x24 /home/ubuntu/DaisyExamples/libDaisy/build/libdaisy.a(usbd_conf.o)
                0x0000000008009670                USBD_LL_OpenEP
 .text.USBD_LL_StallEP
                0x0000000008009694       0x1c /home/ubuntu/DaisyExamples/libDaisy/build/libdaisy.a(usbd_conf.o)
                0x0000000008009694                USBD_LL_StallEP
 .text.USBD_LL_ClearStallEP
                0x00000000080096b0       0x1c /home/ubuntu/DaisyExamples/libDaisy/build/libdaisy.a(usbd_conf.o)
                0x00000000080096b0                USBD_LL_ClearStallEP
 .text.USBD_LL_IsStallEP
                0x00000000080096cc       0x28 /home/ubuntu/DaisyExamples/libDaisy/build/libdaisy.a(usbd_conf.o)
                0x00000000080096cc                USBD_LL_IsStallEP
 .text.USBD_LL_SetUSBAddress
                0x00000000080096f4       0x1c /home/ubuntu/DaisyExamples/libDaisy/build/libdaisy.a(usbd_conf.o)
                0x00000000080096f4                USBD_LL_SetUSBAddress
 .text.USBD_LL_Transmit
                0x0000000008009710       0x1c /home/ubuntu/DaisyExamples/libDaisy/build/libdaisy.a(usbd_conf.o)
                0x0000000008009710                USBD_LL_Transmit
 .text.USBD_LL_PrepareReceive
                0x000000000800972c       0x1c /home/ubuntu/DaisyExamples/libDaisy/build/libdaisy.a(usbd_conf.o)
                0x000000000800972c                USBD_LL_PrepareReceive
 .text.HAL_HCD_MspInit
                0x0000000008009748       0xdc /home/ubuntu/DaisyExamples/libDaisy/build/libdaisy.a(usbh_conf.o)
                0x0000000008009748                HAL_HCD_MspInit
 .text.HAL_HCD_SOF_Callback
                0x0000000008009824        0x8 /home/ubuntu/DaisyExamples/libDaisy/build/libdaisy.a(usbh_conf.o)
                0x0000000008009824                HAL_HCD_SOF_Callback
 .text.HAL_HCD_Connect_Callback
                0x000000000800982c        0x8 /home/ubuntu/DaisyExamples/libDaisy/build/libdaisy.a(usbh_conf.o)
                0x000000000800982c                HAL_HCD_Connect_Callback
 .text.HAL_HCD_Disconnect_Callback
                0x0000000008009834        0x8 /home/ubuntu/DaisyExamples/libDaisy/build/libdaisy.a(usbh_conf.o)
                0x0000000008009834                HAL_HCD_Disconnect_Callback
 .text.HAL_HCD_HC_NotifyURBChange_Callback
                0x000000000800983c        0x4 /home/ubuntu/DaisyExamples/libDaisy/build/libdaisy.a(usbh_conf.o)
                0x000000000800983c                HAL_HCD_HC_NotifyURBChange_Callback
 .text.HAL_HCD_PortEnabled_Callback
                0x0000000008009840        0x8 /home/ubuntu/DaisyExamples/libDaisy/build/libdaisy.a(usbh_conf.o)
                0x0000000008009840                HAL_HCD_PortEnabled_Callback
 .text.HAL_HCD_PortDisabled_Callback
                0x0000000008009848        0x8 /home/ubuntu/DaisyExamples/libDaisy/build/libdaisy.a(usbh_conf.o)
                0x0000000008009848                HAL_HCD_PortDisabled_Callback
 .text.USBH_LL_Init
                0x0000000008009850       0x68 /home/ubuntu/DaisyExamples/libDaisy/build/libdaisy.a(usbh_conf.o)
                0x0000000008009850                USBH_LL_Init
 .text.USBH_LL_Start
                0x00000000080098b8       0x1c /home/ubuntu/DaisyExamples/libDaisy/build/libdaisy.a(usbh_conf.o)
                0x00000000080098b8                USBH_LL_Start
 .text.USBH_LL_Stop
                0x00000000080098d4       0x1c /home/ubuntu/DaisyExamples/libDaisy/build/libdaisy.a(usbh_conf.o)
                0x00000000080098d4                USBH_LL_Stop
 .text.USBH_LL_GetSpeed
                0x00000000080098f0       0x14 /home/ubuntu/DaisyExamples/libDaisy/build/libdaisy.a(usbh_conf.o)
                0x00000000080098f0                USBH_LL_GetSpeed
 .text.USBH_LL_ResetPort
                0x0000000008009904       0x1c /home/ubuntu/DaisyExamples/libDaisy/build/libdaisy.a(usbh_conf.o)
                0x0000000008009904                USBH_LL_ResetPort
 .text.USBH_LL_GetLastXferSize
                0x0000000008009920        0x8 /home/ubuntu/DaisyExamples/libDaisy/build/libdaisy.a(usbh_conf.o)
                0x0000000008009920                USBH_LL_GetLastXferSize
 .text.USBH_LL_OpenPipe
                0x0000000008009928       0x34 /home/ubuntu/DaisyExamples/libDaisy/build/libdaisy.a(usbh_conf.o)
                0x0000000008009928                USBH_LL_OpenPipe
 .text.USBH_LL_ClosePipe
                0x000000000800995c       0x1c /home/ubuntu/DaisyExamples/libDaisy/build/libdaisy.a(usbh_conf.o)
                0x000000000800995c                USBH_LL_ClosePipe
 .text.USBH_LL_SubmitURB
                0x0000000008009978       0x38 /home/ubuntu/DaisyExamples/libDaisy/build/libdaisy.a(usbh_conf.o)
                0x0000000008009978                USBH_LL_SubmitURB
 .text.USBH_LL_GetURBState
                0x00000000080099b0        0x8 /home/ubuntu/DaisyExamples/libDaisy/build/libdaisy.a(usbh_conf.o)
                0x00000000080099b0                USBH_LL_GetURBState
 .text.USBH_LL_DriverVBUS
                0x00000000080099b8        0xc /home/ubuntu/DaisyExamples/libDaisy/build/libdaisy.a(usbh_conf.o)
                0x00000000080099b8                USBH_LL_DriverVBUS
 .text.USBH_LL_SetToggle
                0x00000000080099c4       0x24 /home/ubuntu/DaisyExamples/libDaisy/build/libdaisy.a(usbh_conf.o)
                0x00000000080099c4                USBH_LL_SetToggle
 .text.USBH_LL_GetToggle
                0x00000000080099e8       0x20 /home/ubuntu/DaisyExamples/libDaisy/build/libdaisy.a(usbh_conf.o)
                0x00000000080099e8                USBH_LL_GetToggle
 .text.USBH_Delay
                0x0000000008009a08        0x4 /home/ubuntu/DaisyExamples/libDaisy/build/libdaisy.a(usbh_conf.o)
                0x0000000008009a08                USBH_Delay
 .text.dsy_hal_map_get_port
                0x0000000008009a0c       0x10 /home/ubuntu/DaisyExamples/libDaisy/build/libdaisy.a(hal_map.o)
                0x0000000008009a0c                dsy_hal_map_get_port
 .text.dsy_hal_map_get_pin
                0x0000000008009a1c       0x10 /home/ubuntu/DaisyExamples/libDaisy/build/libdaisy.a(hal_map.o)
                0x0000000008009a1c                dsy_hal_map_get_pin
 .text.dsy_hal_map_gpio_clk_enable
                0x0000000008009a2c      0x150 /home/ubuntu/DaisyExamples/libDaisy/build/libdaisy.a(hal_map.o)
                0x0000000008009a2c                dsy_hal_map_gpio_clk_enable
 .text.BSP_SD_WriteCpltCallback
                0x0000000008009b7c        0xc /home/ubuntu/DaisyExamples/libDaisy/build/libdaisy.a(sd_diskio.o)
                0x0000000008009b7c                BSP_SD_WriteCpltCallback
 .text.BSP_SD_ReadCpltCallback
                0x0000000008009b88        0xc /home/ubuntu/DaisyExamples/libDaisy/build/libdaisy.a(sd_diskio.o)
                0x0000000008009b88                BSP_SD_ReadCpltCallback
 .text.HAL_MspInit
                0x0000000008009b94        0x4 /home/ubuntu/DaisyExamples/libDaisy/build/libdaisy.a(stm32h7xx_hal.o)
                0x0000000008009b94                HAL_MspInit
 .text.HAL_InitTick
                0x0000000008009b98       0x4c /home/ubuntu/DaisyExamples/libDaisy/build/libdaisy.a(stm32h7xx_hal.o)
                0x0000000008009b98                HAL_InitTick
 .text.HAL_Init
                0x0000000008009be4       0x60 /home/ubuntu/DaisyExamples/libDaisy/build/libdaisy.a(stm32h7xx_hal.o)
                0x0000000008009be4                HAL_Init
 .text.HAL_IncTick
                0x0000000008009c44       0x18 /home/ubuntu/DaisyExamples/libDaisy/build/libdaisy.a(stm32h7xx_hal.o)
                0x0000000008009c44                HAL_IncTick
 .text.HAL_GetTick
                0x0000000008009c5c        0xc /home/ubuntu/DaisyExamples/libDaisy/build/libdaisy.a(stm32h7xx_hal.o)
                0x0000000008009c5c                HAL_GetTick
 .text.HAL_Delay
                0x0000000008009c68       0x24 /home/ubuntu/DaisyExamples/libDaisy/build/libdaisy.a(stm32h7xx_hal.o)
                0x0000000008009c68                HAL_Delay
 .text.HAL_GetREVID
                0x0000000008009c8c        0xc /home/ubuntu/DaisyExamples/libDaisy/build/libdaisy.a(stm32h7xx_hal.o)
                0x0000000008009c8c                HAL_GetREVID
 .text.HAL_ADC_ConvHalfCpltCallback
                0x0000000008009c98        0x4 /home/ubuntu/DaisyExamples/libDaisy/build/libdaisy.a(stm32h7xx_hal_adc.o)
                0x0000000008009c98                HAL_ADC_ConvHalfCpltCallback
 .text.ADC_DMAHalfConvCplt
                0x0000000008009c9c        0xc /home/ubuntu/DaisyExamples/libDaisy/build/libdaisy.a(stm32h7xx_hal_adc.o)
                0x0000000008009c9c                ADC_DMAHalfConvCplt
 .text.ADC_DMAConvCplt
                0x0000000008009ca8       0x6c /home/ubuntu/DaisyExamples/libDaisy/build/libdaisy.a(stm32h7xx_hal_adc.o)
                0x0000000008009ca8                ADC_DMAConvCplt
 .text.ADC_DMAError
                0x0000000008009d14       0x1c /home/ubuntu/DaisyExamples/libDaisy/build/libdaisy.a(stm32h7xx_hal_adc.o)
                0x0000000008009d14                ADC_DMAError
 .text.HAL_ADC_ConfigChannel
                0x0000000008009d30      0x3fc /home/ubuntu/DaisyExamples/libDaisy/build/libdaisy.a(stm32h7xx_hal_adc.o)
                0x0000000008009d30                HAL_ADC_ConfigChannel
 .text.ADC_Enable
                0x000000000800a12c       0xac /home/ubuntu/DaisyExamples/libDaisy/build/libdaisy.a(stm32h7xx_hal_adc.o)
                0x000000000800a12c                ADC_Enable
 .text.HAL_ADC_Start_DMA
                0x000000000800a1d8      0x114 /home/ubuntu/DaisyExamples/libDaisy/build/libdaisy.a(stm32h7xx_hal_adc.o)
                0x000000000800a1d8                HAL_ADC_Start_DMA
 .text.ADC_Disable
                0x000000000800a2ec       0x68 /home/ubuntu/DaisyExamples/libDaisy/build/libdaisy.a(stm32h7xx_hal_adc.o)
                0x000000000800a2ec                ADC_Disable
 .text.ADC_ConfigureBoostMode
                0x000000000800a354      0x184 /home/ubuntu/DaisyExamples/libDaisy/build/libdaisy.a(stm32h7xx_hal_adc.o)
                0x000000000800a354                ADC_ConfigureBoostMode
 .text.HAL_ADC_Init
                0x000000000800a4d8      0x218 /home/ubuntu/DaisyExamples/libDaisy/build/libdaisy.a(stm32h7xx_hal_adc.o)
                0x000000000800a4d8                HAL_ADC_Init
 .text.HAL_ADCEx_Calibration_Start
                0x000000000800a6f0       0xa4 /home/ubuntu/DaisyExamples/libDaisy/build/libdaisy.a(stm32h7xx_hal_adc_ex.o)
                0x000000000800a6f0                HAL_ADCEx_Calibration_Start
 .text.HAL_ADCEx_MultiModeConfigChannel
                0x000000000800a794       0xc4 /home/ubuntu/DaisyExamples/libDaisy/build/libdaisy.a(stm32h7xx_hal_adc_ex.o)
                0x000000000800a794                HAL_ADCEx_MultiModeConfigChannel
 .text.HAL_NVIC_SetPriorityGrouping
                0x000000000800a858       0x24 /home/ubuntu/DaisyExamples/libDaisy/build/libdaisy.a(stm32h7xx_hal_cortex.o)
                0x000000000800a858                HAL_NVIC_SetPriorityGrouping
 .text.HAL_NVIC_SetPriority
                0x000000000800a87c       0x7c /home/ubuntu/DaisyExamples/libDaisy/build/libdaisy.a(stm32h7xx_hal_cortex.o)
                0x000000000800a87c                HAL_NVIC_SetPriority
 .text.HAL_NVIC_EnableIRQ
                0x000000000800a8f8       0x1c /home/ubuntu/DaisyExamples/libDaisy/build/libdaisy.a(stm32h7xx_hal_cortex.o)
                0x000000000800a8f8                HAL_NVIC_EnableIRQ
 .text.HAL_NVIC_DisableIRQ
                0x000000000800a914       0x28 /home/ubuntu/DaisyExamples/libDaisy/build/libdaisy.a(stm32h7xx_hal_cortex.o)
                0x000000000800a914                HAL_NVIC_DisableIRQ
 .text.HAL_SYSTICK_Config
                0x000000000800a93c       0x2c /home/ubuntu/DaisyExamples/libDaisy/build/libdaisy.a(stm32h7xx_hal_cortex.o)
                0x000000000800a93c                HAL_SYSTICK_Config
 .text.HAL_MPU_Disable
                0x000000000800a968       0x1c /home/ubuntu/DaisyExamples/libDaisy/build/libdaisy.a(stm32h7xx_hal_cortex.o)
                0x000000000800a968                HAL_MPU_Disable
 .text.HAL_MPU_Enable
                0x000000000800a984       0x20 /home/ubuntu/DaisyExamples/libDaisy/build/libdaisy.a(stm32h7xx_hal_cortex.o)
                0x000000000800a984                HAL_MPU_Enable
 .text.HAL_MPU_ConfigRegion
                0x000000000800a9a4       0x64 /home/ubuntu/DaisyExamples/libDaisy/build/libdaisy.a(stm32h7xx_hal_cortex.o)
                0x000000000800a9a4                HAL_MPU_ConfigRegion
 .text.HAL_SYSTICK_Callback
                0x000000000800aa08        0x4 /home/ubuntu/DaisyExamples/libDaisy/build/libdaisy.a(stm32h7xx_hal_cortex.o)
                0x000000000800aa08                HAL_SYSTICK_Callback
 .text.HAL_SYSTICK_IRQHandler
                0x000000000800aa0c        0x8 /home/ubuntu/DaisyExamples/libDaisy/build/libdaisy.a(stm32h7xx_hal_cortex.o)
                0x000000000800aa0c                HAL_SYSTICK_IRQHandler
 .text.DMA_CalcBaseAndBitshift
                0x000000000800aa14       0xf4 /home/ubuntu/DaisyExamples/libDaisy/build/libdaisy.a(stm32h7xx_hal_dma.o)
 .text.DMA_CalcDMAMUXChannelBaseAndMask
                0x000000000800ab08       0xd8 /home/ubuntu/DaisyExamples/libDaisy/build/libdaisy.a(stm32h7xx_hal_dma.o)
 .text.HAL_DMA_Init
                0x000000000800abe0      0x37c /home/ubuntu/DaisyExamples/libDaisy/build/libdaisy.a(stm32h7xx_hal_dma.o)
                0x000000000800abe0                HAL_DMA_Init
 .text.HAL_DMA_Start_IT
                0x000000000800af5c      0x240 /home/ubuntu/DaisyExamples/libDaisy/build/libdaisy.a(stm32h7xx_hal_dma.o)
                0x000000000800af5c                HAL_DMA_Start_IT
 .text.HAL_DMA_Abort_IT
                0x000000000800b19c      0x134 /home/ubuntu/DaisyExamples/libDaisy/build/libdaisy.a(stm32h7xx_hal_dma.o)
                0x000000000800b19c                HAL_DMA_Abort_IT
 .text.HAL_DMA_IRQHandler
                0x000000000800b2d0      0x6a0 /home/ubuntu/DaisyExamples/libDaisy/build/libdaisy.a(stm32h7xx_hal_dma.o)
                0x000000000800b2d0                HAL_DMA_IRQHandler
 .text.HAL_DMA_GetError
                0x000000000800b970        0x4 /home/ubuntu/DaisyExamples/libDaisy/build/libdaisy.a(stm32h7xx_hal_dma.o)
                0x000000000800b970                HAL_DMA_GetError
 .text.HAL_GPIO_Init
                0x000000000800b974      0x280 /home/ubuntu/DaisyExamples/libDaisy/build/libdaisy.a(stm32h7xx_hal_gpio.o)
                0x000000000800b974                HAL_GPIO_Init
 .text.HAL_GPIO_DeInit
                0x000000000800bbf4      0x190 /home/ubuntu/DaisyExamples/libDaisy/build/libdaisy.a(stm32h7xx_hal_gpio.o)
                0x000000000800bbf4                HAL_GPIO_DeInit
 .text.HAL_GPIO_ReadPin
                0x000000000800bd84        0xc /home/ubuntu/DaisyExamples/libDaisy/build/libdaisy.a(stm32h7xx_hal_gpio.o)
                0x000000000800bd84                HAL_GPIO_ReadPin
 .text.HAL_GPIO_WritePin
                0x000000000800bd90        0x8 /home/ubuntu/DaisyExamples/libDaisy/build/libdaisy.a(stm32h7xx_hal_gpio.o)
                0x000000000800bd90                HAL_GPIO_WritePin
 .text.HAL_HCD_HC_Init
                0x000000000800bd98       0x74 /home/ubuntu/DaisyExamples/libDaisy/build/libdaisy.a(stm32h7xx_hal_hcd.o)
                0x000000000800bd98                HAL_HCD_HC_Init
 .text.HAL_HCD_HC_Halt
                0x000000000800be0c       0x28 /home/ubuntu/DaisyExamples/libDaisy/build/libdaisy.a(stm32h7xx_hal_hcd.o)
                0x000000000800be0c                HAL_HCD_HC_Halt
 .text.HAL_HCD_Init
                0x000000000800be34       0xa4 /home/ubuntu/DaisyExamples/libDaisy/build/libdaisy.a(stm32h7xx_hal_hcd.o)
                0x000000000800be34                HAL_HCD_Init
 .text.HAL_HCD_HC_SubmitRequest
                0x000000000800bed8       0xd0 /home/ubuntu/DaisyExamples/libDaisy/build/libdaisy.a(stm32h7xx_hal_hcd.o)
                0x000000000800bed8                HAL_HCD_HC_SubmitRequest
 .text.HAL_HCD_IRQHandler
                0x000000000800bfa8      0x780 /home/ubuntu/DaisyExamples/libDaisy/build/libdaisy.a(stm32h7xx_hal_hcd.o)
                0x000000000800bfa8                HAL_HCD_IRQHandler
 .text.HAL_HCD_Start
                0x000000000800c728       0x30 /home/ubuntu/DaisyExamples/libDaisy/build/libdaisy.a(stm32h7xx_hal_hcd.o)
                0x000000000800c728                HAL_HCD_Start
 .text.HAL_HCD_Stop
                0x000000000800c758       0x28 /home/ubuntu/DaisyExamples/libDaisy/build/libdaisy.a(stm32h7xx_hal_hcd.o)
                0x000000000800c758                HAL_HCD_Stop
 .text.HAL_HCD_ResetPort
                0x000000000800c780        0x8 /home/ubuntu/DaisyExamples/libDaisy/build/libdaisy.a(stm32h7xx_hal_hcd.o)
                0x000000000800c780                HAL_HCD_ResetPort
 .text.HAL_HCD_HC_GetURBState
                0x000000000800c788       0x10 /home/ubuntu/DaisyExamples/libDaisy/build/libdaisy.a(stm32h7xx_hal_hcd.o)
                0x000000000800c788                HAL_HCD_HC_GetURBState
 .text.HAL_HCD_HC_GetXferCount
                0x000000000800c798        0xc /home/ubuntu/DaisyExamples/libDaisy/build/libdaisy.a(stm32h7xx_hal_hcd.o)
                0x000000000800c798                HAL_HCD_HC_GetXferCount
 .text.HAL_HCD_GetCurrentFrame
                0x000000000800c7a4        0x8 /home/ubuntu/DaisyExamples/libDaisy/build/libdaisy.a(stm32h7xx_hal_hcd.o)
                0x000000000800c7a4                HAL_HCD_GetCurrentFrame
 .text.HAL_HCD_GetCurrentSpeed
                0x000000000800c7ac        0x8 /home/ubuntu/DaisyExamples/libDaisy/build/libdaisy.a(stm32h7xx_hal_hcd.o)
                0x000000000800c7ac                HAL_HCD_GetCurrentSpeed
 .text.I2C_WaitOnTXISFlagUntilTimeout
                0x000000000800c7b4       0xb8 /home/ubuntu/DaisyExamples/libDaisy/build/libdaisy.a(stm32h7xx_hal_i2c.o)
 .text.I2C_WaitOnSTOPFlagUntilTimeout
                0x000000000800c86c       0xac /home/ubuntu/DaisyExamples/libDaisy/build/libdaisy.a(stm32h7xx_hal_i2c.o)
 .text.HAL_I2C_Init
                0x000000000800c918       0xac /home/ubuntu/DaisyExamples/libDaisy/build/libdaisy.a(stm32h7xx_hal_i2c.o)
                0x000000000800c918                HAL_I2C_Init
 .text.HAL_I2C_Master_Transmit
                0x000000000800c9c4      0x1a8 /home/ubuntu/DaisyExamples/libDaisy/build/libdaisy.a(stm32h7xx_hal_i2c.o)
                0x000000000800c9c4                HAL_I2C_Master_Transmit
 .text.HAL_I2C_Slave_Transmit
                0x000000000800cb6c      0x1c8 /home/ubuntu/DaisyExamples/libDaisy/build/libdaisy.a(stm32h7xx_hal_i2c.o)
                0x000000000800cb6c                HAL_I2C_Slave_Transmit
 .text.HAL_I2C_EV_IRQHandler
                0x000000000800cd34       0x10 /home/ubuntu/DaisyExamples/libDaisy/build/libdaisy.a(stm32h7xx_hal_i2c.o)
                0x000000000800cd34                HAL_I2C_EV_IRQHandler
 .text.HAL_I2C_GetState
                0x000000000800cd44        0x8 /home/ubuntu/DaisyExamples/libDaisy/build/libdaisy.a(stm32h7xx_hal_i2c.o)
                0x000000000800cd44                HAL_I2C_GetState
 .text.HAL_I2CEx_ConfigAnalogFilter
                0x000000000800cd4c       0x54 /home/ubuntu/DaisyExamples/libDaisy/build/libdaisy.a(stm32h7xx_hal_i2c_ex.o)
                0x000000000800cd4c                HAL_I2CEx_ConfigAnalogFilter
 .text.HAL_I2CEx_ConfigDigitalFilter
                0x000000000800cda0       0x58 /home/ubuntu/DaisyExamples/libDaisy/build/libdaisy.a(stm32h7xx_hal_i2c_ex.o)
                0x000000000800cda0                HAL_I2CEx_ConfigDigitalFilter
 .text.HAL_PCD_IRQHandler
                0x000000000800cdf8      0x69c /home/ubuntu/DaisyExamples/libDaisy/build/libdaisy.a(stm32h7xx_hal_pcd.o)
                0x000000000800cdf8                HAL_PCD_IRQHandler
 .text.HAL_PCD_SetAddress
                0x000000000800d494       0x2c /home/ubuntu/DaisyExamples/libDaisy/build/libdaisy.a(stm32h7xx_hal_pcd.o)
                0x000000000800d494                HAL_PCD_SetAddress
 .text.HAL_PCD_EP_Open
                0x000000000800d4c0       0x7c /home/ubuntu/DaisyExamples/libDaisy/build/libdaisy.a(stm32h7xx_hal_pcd.o)
                0x000000000800d4c0                HAL_PCD_EP_Open
 .text.HAL_PCD_EP_Receive
                0x000000000800d53c       0x50 /home/ubuntu/DaisyExamples/libDaisy/build/libdaisy.a(stm32h7xx_hal_pcd.o)
                0x000000000800d53c                HAL_PCD_EP_Receive
 .text.HAL_PCD_EP_Transmit
                0x000000000800d58c       0x50 /home/ubuntu/DaisyExamples/libDaisy/build/libdaisy.a(stm32h7xx_hal_pcd.o)
                0x000000000800d58c                HAL_PCD_EP_Transmit
 .text.HAL_PCD_EP_SetStall
                0x000000000800d5dc       0x88 /home/ubuntu/DaisyExamples/libDaisy/build/libdaisy.a(stm32h7xx_hal_pcd.o)
                0x000000000800d5dc                HAL_PCD_EP_SetStall
 .text.HAL_PCD_EP_ClrStall
                0x000000000800d664       0x78 /home/ubuntu/DaisyExamples/libDaisy/build/libdaisy.a(stm32h7xx_hal_pcd.o)
                0x000000000800d664                HAL_PCD_EP_ClrStall
 .text.HAL_PCDEx_LPM_Callback
                0x000000000800d6dc        0x4 /home/ubuntu/DaisyExamples/libDaisy/build/libdaisy.a(stm32h7xx_hal_pcd_ex.o)
                0x000000000800d6dc                HAL_PCDEx_LPM_Callback
 .text.HAL_PWREx_ConfigSupply
                0x000000000800d6e0       0x4c /home/ubuntu/DaisyExamples/libDaisy/build/libdaisy.a(stm32h7xx_hal_pwr_ex.o)
                0x000000000800d6e0                HAL_PWREx_ConfigSupply
 .text.HAL_PWREx_EnableUSBVoltageDetector
                0x000000000800d72c       0x10 /home/ubuntu/DaisyExamples/libDaisy/build/libdaisy.a(stm32h7xx_hal_pwr_ex.o)
                0x000000000800d72c                HAL_PWREx_EnableUSBVoltageDetector
 .text.QSPI_Config
                0x000000000800d73c      0x174 /home/ubuntu/DaisyExamples/libDaisy/build/libdaisy.a(stm32h7xx_hal_qspi.o)
 .text.HAL_QSPI_Init
                0x000000000800d8b0       0xd8 /home/ubuntu/DaisyExamples/libDaisy/build/libdaisy.a(stm32h7xx_hal_qspi.o)
                0x000000000800d8b0                HAL_QSPI_Init
 .text.HAL_QSPI_DeInit
                0x000000000800d988       0x3c /home/ubuntu/DaisyExamples/libDaisy/build/libdaisy.a(stm32h7xx_hal_qspi.o)
                0x000000000800d988                HAL_QSPI_DeInit
 .text.HAL_QSPI_Command
                0x000000000800d9c4       0xd4 /home/ubuntu/DaisyExamples/libDaisy/build/libdaisy.a(stm32h7xx_hal_qspi.o)
                0x000000000800d9c4                HAL_QSPI_Command
 .text.HAL_QSPI_Transmit
                0x000000000800da98       0xfc /home/ubuntu/DaisyExamples/libDaisy/build/libdaisy.a(stm32h7xx_hal_qspi.o)
                0x000000000800da98                HAL_QSPI_Transmit
 .text.HAL_QSPI_Receive
                0x000000000800db94      0x108 /home/ubuntu/DaisyExamples/libDaisy/build/libdaisy.a(stm32h7xx_hal_qspi.o)
                0x000000000800db94                HAL_QSPI_Receive
 .text.HAL_QSPI_AutoPolling
                0x000000000800dc9c       0xf0 /home/ubuntu/DaisyExamples/libDaisy/build/libdaisy.a(stm32h7xx_hal_qspi.o)
                0x000000000800dc9c                HAL_QSPI_AutoPolling
 .text.HAL_QSPI_MemoryMapped
                0x000000000800dd8c       0xc0 /home/ubuntu/DaisyExamples/libDaisy/build/libdaisy.a(stm32h7xx_hal_qspi.o)
                0x000000000800dd8c                HAL_QSPI_MemoryMapped
 .text.HAL_QSPI_ErrorCallback
                0x000000000800de4c        0x4 /home/ubuntu/DaisyExamples/libDaisy/build/libdaisy.a(stm32h7xx_hal_qspi.o)
                0x000000000800de4c                HAL_QSPI_ErrorCallback
 .text.QSPI_DMAAbortCplt
                0x000000000800de50       0x38 /home/ubuntu/DaisyExamples/libDaisy/build/libdaisy.a(stm32h7xx_hal_qspi.o)
 .text.HAL_QSPI_AbortCpltCallback
                0x000000000800de88        0x4 /home/ubuntu/DaisyExamples/libDaisy/build/libdaisy.a(stm32h7xx_hal_qspi.o)
                0x000000000800de88                HAL_QSPI_AbortCpltCallback
 .text.HAL_QSPI_CmdCpltCallback
                0x000000000800de8c        0x4 /home/ubuntu/DaisyExamples/libDaisy/build/libdaisy.a(stm32h7xx_hal_qspi.o)
                0x000000000800de8c                HAL_QSPI_CmdCpltCallback
 .text.HAL_QSPI_RxCpltCallback
                0x000000000800de90        0x4 /home/ubuntu/DaisyExamples/libDaisy/build/libdaisy.a(stm32h7xx_hal_qspi.o)
                0x000000000800de90                HAL_QSPI_RxCpltCallback
 .text.HAL_QSPI_TxCpltCallback
                0x000000000800de94        0x4 /home/ubuntu/DaisyExamples/libDaisy/build/libdaisy.a(stm32h7xx_hal_qspi.o)
                0x000000000800de94                HAL_QSPI_TxCpltCallback
 .text.HAL_QSPI_FifoThresholdCallback
                0x000000000800de98        0x4 /home/ubuntu/DaisyExamples/libDaisy/build/libdaisy.a(stm32h7xx_hal_qspi.o)
                0x000000000800de98                HAL_QSPI_FifoThresholdCallback
 .text.HAL_QSPI_StatusMatchCallback
                0x000000000800de9c        0x4 /home/ubuntu/DaisyExamples/libDaisy/build/libdaisy.a(stm32h7xx_hal_qspi.o)
                0x000000000800de9c                HAL_QSPI_StatusMatchCallback
 .text.HAL_QSPI_TimeOutCallback
                0x000000000800dea0        0x4 /home/ubuntu/DaisyExamples/libDaisy/build/libdaisy.a(stm32h7xx_hal_qspi.o)
                0x000000000800dea0                HAL_QSPI_TimeOutCallback
 .text.HAL_QSPI_IRQHandler
                0x000000000800dea4      0x210 /home/ubuntu/DaisyExamples/libDaisy/build/libdaisy.a(stm32h7xx_hal_qspi.o)
                0x000000000800dea4                HAL_QSPI_IRQHandler
 .text.HAL_RCC_OscConfig
                0x000000000800e0b4      0x51c /home/ubuntu/DaisyExamples/libDaisy/build/libdaisy.a(stm32h7xx_hal_rcc.o)
                0x000000000800e0b4                HAL_RCC_OscConfig
 .text.HAL_RCC_GetSysClockFreq
                0x000000000800e5d0      0x140 /home/ubuntu/DaisyExamples/libDaisy/build/libdaisy.a(stm32h7xx_hal_rcc.o)
                0x000000000800e5d0                HAL_RCC_GetSysClockFreq
 .text.HAL_RCC_ClockConfig
                0x000000000800e710      0x234 /home/ubuntu/DaisyExamples/libDaisy/build/libdaisy.a(stm32h7xx_hal_rcc.o)
                0x000000000800e710                HAL_RCC_ClockConfig
 .text.HAL_RCC_GetHCLKFreq
                0x000000000800e944       0x2c /home/ubuntu/DaisyExamples/libDaisy/build/libdaisy.a(stm32h7xx_hal_rcc.o)
                0x000000000800e944                HAL_RCC_GetHCLKFreq
 .text.HAL_RCC_GetPCLK1Freq
                0x000000000800e970       0x38 /home/ubuntu/DaisyExamples/libDaisy/build/libdaisy.a(stm32h7xx_hal_rcc.o)
                0x000000000800e970                HAL_RCC_GetPCLK1Freq
 .text.HAL_RCC_GetPCLK2Freq
                0x000000000800e9a8       0x38 /home/ubuntu/DaisyExamples/libDaisy/build/libdaisy.a(stm32h7xx_hal_rcc.o)
                0x000000000800e9a8                HAL_RCC_GetPCLK2Freq
 .text.RCCEx_PLL2_Config
                0x000000000800e9e0       0xf4 /home/ubuntu/DaisyExamples/libDaisy/build/libdaisy.a(stm32h7xx_hal_rcc_ex.o)
 .text.RCCEx_PLL3_Config
                0x000000000800ead4       0xf4 /home/ubuntu/DaisyExamples/libDaisy/build/libdaisy.a(stm32h7xx_hal_rcc_ex.o)
 .text.HAL_RCCEx_PeriphCLKConfig
                0x000000000800ebc8      0xa7c /home/ubuntu/DaisyExamples/libDaisy/build/libdaisy.a(stm32h7xx_hal_rcc_ex.o)
                0x000000000800ebc8                HAL_RCCEx_PeriphCLKConfig
 .text.HAL_RCCEx_GetD3PCLK1Freq
                0x000000000800f644       0x24 /home/ubuntu/DaisyExamples/libDaisy/build/libdaisy.a(stm32h7xx_hal_rcc_ex.o)
                0x000000000800f644                HAL_RCCEx_GetD3PCLK1Freq
 .text.HAL_RCCEx_GetPLL2ClockFreq
                0x000000000800f668      0x17c /home/ubuntu/DaisyExamples/libDaisy/build/libdaisy.a(stm32h7xx_hal_rcc_ex.o)
                0x000000000800f668                HAL_RCCEx_GetPLL2ClockFreq
 .text.HAL_RCCEx_GetPLL3ClockFreq
                0x000000000800f7e4      0x17c /home/ubuntu/DaisyExamples/libDaisy/build/libdaisy.a(stm32h7xx_hal_rcc_ex.o)
                0x000000000800f7e4                HAL_RCCEx_GetPLL3ClockFreq
 .text.HAL_RCCEx_GetPLL1ClockFreq
                0x000000000800f960      0x17c /home/ubuntu/DaisyExamples/libDaisy/build/libdaisy.a(stm32h7xx_hal_rcc_ex.o)
                0x000000000800f960                HAL_RCCEx_GetPLL1ClockFreq
 .text.HAL_RCCEx_GetPeriphCLKFreq
                0x000000000800fadc      0x198 /home/ubuntu/DaisyExamples/libDaisy/build/libdaisy.a(stm32h7xx_hal_rcc_ex.o)
                0x000000000800fadc                HAL_RCCEx_GetPeriphCLKFreq
 .text.HAL_RCCEx_GetD1SysClockFreq
                0x000000000800fc74       0x2c /home/ubuntu/DaisyExamples/libDaisy/build/libdaisy.a(stm32h7xx_hal_rcc_ex.o)
                0x000000000800fc74                HAL_RCCEx_GetD1SysClockFreq
 .text.HAL_SAI_Init.part.0
                0x000000000800fca0      0x348 /home/ubuntu/DaisyExamples/libDaisy/build/libdaisy.a(stm32h7xx_hal_sai.o)
 .text.HAL_SAI_InitProtocol
                0x000000000800ffe8      0x178 /home/ubuntu/DaisyExamples/libDaisy/build/libdaisy.a(stm32h7xx_hal_sai.o)
                0x000000000800ffe8                HAL_SAI_InitProtocol
 .text.HAL_SAI_Transmit_DMA
                0x0000000008010160      0x124 /home/ubuntu/DaisyExamples/libDaisy/build/libdaisy.a(stm32h7xx_hal_sai.o)
                0x0000000008010160                HAL_SAI_Transmit_DMA
 .text.HAL_SAI_Receive_DMA
                0x0000000008010284       0xd0 /home/ubuntu/DaisyExamples/libDaisy/build/libdaisy.a(stm32h7xx_hal_sai.o)
                0x0000000008010284                HAL_SAI_Receive_DMA
 .text.HAL_SAI_TxCpltCallback
                0x0000000008010354        0x4 /home/ubuntu/DaisyExamples/libDaisy/build/libdaisy.a(stm32h7xx_hal_sai.o)
                0x0000000008010354                HAL_SAI_TxCpltCallback
 .text.SAI_DMATxCplt
                0x0000000008010358       0x64 /home/ubuntu/DaisyExamples/libDaisy/build/libdaisy.a(stm32h7xx_hal_sai.o)
 .text.HAL_SAI_TxHalfCpltCallback
                0x00000000080103bc        0x4 /home/ubuntu/DaisyExamples/libDaisy/build/libdaisy.a(stm32h7xx_hal_sai.o)
                0x00000000080103bc                HAL_SAI_TxHalfCpltCallback
 .text.SAI_DMATxHalfCplt
                0x00000000080103c0        0xc /home/ubuntu/DaisyExamples/libDaisy/build/libdaisy.a(stm32h7xx_hal_sai.o)
 .text.SAI_DMARxCplt
                0x00000000080103cc       0x64 /home/ubuntu/DaisyExamples/libDaisy/build/libdaisy.a(stm32h7xx_hal_sai.o)
 .text.SAI_DMARxHalfCplt
                0x0000000008010430        0xc /home/ubuntu/DaisyExamples/libDaisy/build/libdaisy.a(stm32h7xx_hal_sai.o)
 .text.HAL_SAI_ErrorCallback
                0x000000000801043c        0x4 /home/ubuntu/DaisyExamples/libDaisy/build/libdaisy.a(stm32h7xx_hal_sai.o)
                0x000000000801043c                HAL_SAI_ErrorCallback
 .text.SAI_DMAError
                0x0000000008010440       0x6c /home/ubuntu/DaisyExamples/libDaisy/build/libdaisy.a(stm32h7xx_hal_sai.o)
 .text.HAL_SDRAM_Init
                0x00000000080104ac       0x54 /home/ubuntu/DaisyExamples/libDaisy/build/libdaisy.a(stm32h7xx_hal_sdram.o)
                0x00000000080104ac                HAL_SDRAM_Init
 .text.HAL_SDRAM_SendCommand
                0x0000000008010500       0x40 /home/ubuntu/DaisyExamples/libDaisy/build/libdaisy.a(stm32h7xx_hal_sdram.o)
                0x0000000008010500                HAL_SDRAM_SendCommand
 .text.HAL_SDRAM_ProgramRefreshRate
                0x0000000008010540       0x30 /home/ubuntu/DaisyExamples/libDaisy/build/libdaisy.a(stm32h7xx_hal_sdram.o)
                0x0000000008010540                HAL_SDRAM_ProgramRefreshRate
 .text.FMC_SDRAM_Init
                0x0000000008010570       0x7c /home/ubuntu/DaisyExamples/libDaisy/build/libdaisy.a(stm32h7xx_ll_fmc.o)
                0x0000000008010570                FMC_SDRAM_Init
 .text.FMC_SDRAM_Timing_Init
                0x00000000080105ec       0x98 /home/ubuntu/DaisyExamples/libDaisy/build/libdaisy.a(stm32h7xx_ll_fmc.o)
                0x00000000080105ec                FMC_SDRAM_Timing_Init
 .text.FMC_SDRAM_SendCommand
                0x0000000008010684       0x28 /home/ubuntu/DaisyExamples/libDaisy/build/libdaisy.a(stm32h7xx_ll_fmc.o)
                0x0000000008010684                FMC_SDRAM_SendCommand
 .text.FMC_SDRAM_ProgramRefreshRate
                0x00000000080106ac       0x1c /home/ubuntu/DaisyExamples/libDaisy/build/libdaisy.a(stm32h7xx_ll_fmc.o)
                0x00000000080106ac                FMC_SDRAM_ProgramRefreshRate
 .text.USB_CoreInit
                0x00000000080106c8      0x124 /home/ubuntu/DaisyExamples/libDaisy/build/libdaisy.a(stm32h7xx_ll_usb.o)
                0x00000000080106c8                USB_CoreInit
 .text.USB_SetTurnaroundTime
                0x00000000080107ec      0x104 /home/ubuntu/DaisyExamples/libDaisy/build/libdaisy.a(stm32h7xx_ll_usb.o)
                0x00000000080107ec                USB_SetTurnaroundTime
 .text.USB_EnableGlobalInt
                0x00000000080108f0       0x10 /home/ubuntu/DaisyExamples/libDaisy/build/libdaisy.a(stm32h7xx_ll_usb.o)
                0x00000000080108f0                USB_EnableGlobalInt
 .text.USB_DisableGlobalInt
                0x0000000008010900       0x10 /home/ubuntu/DaisyExamples/libDaisy/build/libdaisy.a(stm32h7xx_ll_usb.o)
                0x0000000008010900                USB_DisableGlobalInt
 .text.USB_SetCurrentMode
                0x0000000008010910       0x30 /home/ubuntu/DaisyExamples/libDaisy/build/libdaisy.a(stm32h7xx_ll_usb.o)
                0x0000000008010910                USB_SetCurrentMode
 .text.USB_FlushTxFifo
                0x0000000008010940       0x34 /home/ubuntu/DaisyExamples/libDaisy/build/libdaisy.a(stm32h7xx_ll_usb.o)
                0x0000000008010940                USB_FlushTxFifo
 .text.USB_GetDevSpeed
                0x0000000008010974       0x24 /home/ubuntu/DaisyExamples/libDaisy/build/libdaisy.a(stm32h7xx_ll_usb.o)
                0x0000000008010974                USB_GetDevSpeed
 .text.USB_ActivateEndpoint
                0x0000000008010998       0x90 /home/ubuntu/DaisyExamples/libDaisy/build/libdaisy.a(stm32h7xx_ll_usb.o)
                0x0000000008010998                USB_ActivateEndpoint
 .text.USB_EPStartXfer
                0x0000000008010a28      0x230 /home/ubuntu/DaisyExamples/libDaisy/build/libdaisy.a(stm32h7xx_ll_usb.o)
                0x0000000008010a28                USB_EPStartXfer
 .text.USB_EP0StartXfer
                0x0000000008010c58      0x174 /home/ubuntu/DaisyExamples/libDaisy/build/libdaisy.a(stm32h7xx_ll_usb.o)
                0x0000000008010c58                USB_EP0StartXfer
 .text.USB_WritePacket
                0x0000000008010dcc       0x2c /home/ubuntu/DaisyExamples/libDaisy/build/libdaisy.a(stm32h7xx_ll_usb.o)
                0x0000000008010dcc                USB_WritePacket
 .text.USB_ReadPacket
                0x0000000008010df8       0x20 /home/ubuntu/DaisyExamples/libDaisy/build/libdaisy.a(stm32h7xx_ll_usb.o)
                0x0000000008010df8                USB_ReadPacket
 .text.USB_EPSetStall
                0x0000000008010e18       0x68 /home/ubuntu/DaisyExamples/libDaisy/build/libdaisy.a(stm32h7xx_ll_usb.o)
                0x0000000008010e18                USB_EPSetStall
 .text.USB_EPClearStall
                0x0000000008010e80       0x58 /home/ubuntu/DaisyExamples/libDaisy/build/libdaisy.a(stm32h7xx_ll_usb.o)
                0x0000000008010e80                USB_EPClearStall
 .text.USB_SetDevAddress
                0x0000000008010ed8       0x24 /home/ubuntu/DaisyExamples/libDaisy/build/libdaisy.a(stm32h7xx_ll_usb.o)
                0x0000000008010ed8                USB_SetDevAddress
 .text.USB_ReadInterrupts
                0x0000000008010efc       0x14 /home/ubuntu/DaisyExamples/libDaisy/build/libdaisy.a(stm32h7xx_ll_usb.o)
                0x0000000008010efc                USB_ReadInterrupts
 .text.USB_ReadDevAllOutEpInterrupt
                0x0000000008010f10       0x1c /home/ubuntu/DaisyExamples/libDaisy/build/libdaisy.a(stm32h7xx_ll_usb.o)
                0x0000000008010f10                USB_ReadDevAllOutEpInterrupt
 .text.USB_ReadDevAllInEpInterrupt
                0x0000000008010f2c       0x1c /home/ubuntu/DaisyExamples/libDaisy/build/libdaisy.a(stm32h7xx_ll_usb.o)
                0x0000000008010f2c                USB_ReadDevAllInEpInterrupt
 .text.USB_ReadDevOutEPInterrupt
                0x0000000008010f48       0x1c /home/ubuntu/DaisyExamples/libDaisy/build/libdaisy.a(stm32h7xx_ll_usb.o)
                0x0000000008010f48                USB_ReadDevOutEPInterrupt
 .text.USB_ReadDevInEPInterrupt
                0x0000000008010f64       0x38 /home/ubuntu/DaisyExamples/libDaisy/build/libdaisy.a(stm32h7xx_ll_usb.o)
                0x0000000008010f64                USB_ReadDevInEPInterrupt
 .text.USB_GetMode
                0x0000000008010f9c        0x8 /home/ubuntu/DaisyExamples/libDaisy/build/libdaisy.a(stm32h7xx_ll_usb.o)
                0x0000000008010f9c                USB_GetMode
 .text.USB_ActivateSetup
                0x0000000008010fa4       0x38 /home/ubuntu/DaisyExamples/libDaisy/build/libdaisy.a(stm32h7xx_ll_usb.o)
                0x0000000008010fa4                USB_ActivateSetup
 .text.USB_EP0_OutStart
                0x0000000008010fdc       0x58 /home/ubuntu/DaisyExamples/libDaisy/build/libdaisy.a(stm32h7xx_ll_usb.o)
                0x0000000008010fdc                USB_EP0_OutStart
 .text.USB_HostInit
                0x0000000008011034      0x134 /home/ubuntu/DaisyExamples/libDaisy/build/libdaisy.a(stm32h7xx_ll_usb.o)
                0x0000000008011034                USB_HostInit
 .text.USB_InitFSLSPClkSel
                0x0000000008011168       0x44 /home/ubuntu/DaisyExamples/libDaisy/build/libdaisy.a(stm32h7xx_ll_usb.o)
                0x0000000008011168                USB_InitFSLSPClkSel
 .text.USB_ResetPort
                0x00000000080111ac       0x40 /home/ubuntu/DaisyExamples/libDaisy/build/libdaisy.a(stm32h7xx_ll_usb.o)
                0x00000000080111ac                USB_ResetPort
 .text.USB_DriveVbus
                0x00000000080111ec       0x50 /home/ubuntu/DaisyExamples/libDaisy/build/libdaisy.a(stm32h7xx_ll_usb.o)
                0x00000000080111ec                USB_DriveVbus
 .text.USB_GetHostSpeed
                0x000000000801123c       0x18 /home/ubuntu/DaisyExamples/libDaisy/build/libdaisy.a(stm32h7xx_ll_usb.o)
                0x000000000801123c                USB_GetHostSpeed
 .text.USB_GetCurrentFrame
                0x0000000008011254        0x8 /home/ubuntu/DaisyExamples/libDaisy/build/libdaisy.a(stm32h7xx_ll_usb.o)
                0x0000000008011254                USB_GetCurrentFrame
 .text.USB_HC_Init
                0x000000000801125c      0x128 /home/ubuntu/DaisyExamples/libDaisy/build/libdaisy.a(stm32h7xx_ll_usb.o)
                0x000000000801125c                USB_HC_Init
 .text.USB_HC_StartXfer
                0x0000000008011384      0x18c /home/ubuntu/DaisyExamples/libDaisy/build/libdaisy.a(stm32h7xx_ll_usb.o)
                0x0000000008011384                USB_HC_StartXfer
 .text.USB_HC_ReadInterrupt
                0x0000000008011510        0x8 /home/ubuntu/DaisyExamples/libDaisy/build/libdaisy.a(stm32h7xx_ll_usb.o)
                0x0000000008011510                USB_HC_ReadInterrupt
 .text.USB_HC_Halt
                0x0000000008011518       0xc0 /home/ubuntu/DaisyExamples/libDaisy/build/libdaisy.a(stm32h7xx_ll_usb.o)
                0x0000000008011518                USB_HC_Halt
 .text.USB_StopHost
                0x00000000080115d8      0x2ec /home/ubuntu/DaisyExamples/libDaisy/build/libdaisy.a(stm32h7xx_ll_usb.o)
                0x00000000080115d8                USB_StopHost
 .text.USBD_SetClassConfig
                0x00000000080118c4       0x14 /home/ubuntu/DaisyExamples/libDaisy/build/libdaisy.a(usbd_core.o)
                0x00000000080118c4                USBD_SetClassConfig
 .text.USBD_ClrClassConfig
                0x00000000080118d8       0x10 /home/ubuntu/DaisyExamples/libDaisy/build/libdaisy.a(usbd_core.o)
                0x00000000080118d8                USBD_ClrClassConfig
 .text.USBD_LL_SetupStage
                0x00000000080118e8       0x5c /home/ubuntu/DaisyExamples/libDaisy/build/libdaisy.a(usbd_core.o)
                0x00000000080118e8                USBD_LL_SetupStage
 .text.USBD_LL_DataOutStage
                0x0000000008011944       0x7c /home/ubuntu/DaisyExamples/libDaisy/build/libdaisy.a(usbd_core.o)
                0x0000000008011944                USBD_LL_DataOutStage
 .text.USBD_LL_DataInStage
                0x00000000080119c0       0xcc /home/ubuntu/DaisyExamples/libDaisy/build/libdaisy.a(usbd_core.o)
                0x00000000080119c0                USBD_LL_DataInStage
 .text.USBD_LL_Reset
                0x0000000008011a8c       0x50 /home/ubuntu/DaisyExamples/libDaisy/build/libdaisy.a(usbd_core.o)
                0x0000000008011a8c                USBD_LL_Reset
 .text.USBD_LL_SetSpeed
                0x0000000008011adc        0x8 /home/ubuntu/DaisyExamples/libDaisy/build/libdaisy.a(usbd_core.o)
                0x0000000008011adc                USBD_LL_SetSpeed
 .text.USBD_LL_Suspend
                0x0000000008011ae4       0x14 /home/ubuntu/DaisyExamples/libDaisy/build/libdaisy.a(usbd_core.o)
                0x0000000008011ae4                USBD_LL_Suspend
 .text.USBD_LL_Resume